Archive member included to satisfy reference by file (symbol)

/Users/riley/opt/devkitpro/libogc/lib/wii/libogc.a(console.o)
                              template.o (CON_Init)
/Users/riley/opt/devkitpro/libogc/lib/wii/libogc.a(video.o)
                              /Users/riley/opt/devkitpro/libogc/lib/wii/libogc.a(console.o) (VIDEO_GetCurrentFramebuffer)
/Users/riley/opt/devkitpro/libogc/lib/wii/libogc.a(pad.o)
                              template.o (PAD_Init)
/Users/riley/opt/devkitpro/libogc/lib/wii/libogc.a(system.o)
                              /Users/riley/opt/devkitpro/devkitPPC/bin/../lib/gcc/powerpc-eabi/6.3.0/../../../../powerpc-eabi/lib/crtmain.o (SYS_PreMain)
/Users/riley/opt/devkitpro/libogc/lib/wii/libogc.a(cond.o)
                              /Users/riley/opt/devkitpro/libogc/lib/wii/libogc.a(system.o) (__lwp_cond_init)
/Users/riley/opt/devkitpro/libogc/lib/wii/libogc.a(decrementer.o)
                              /Users/riley/opt/devkitpro/libogc/lib/wii/libogc.a(system.o) (__decrementer_init)
/Users/riley/opt/devkitpro/libogc/lib/wii/libogc.a(message.o)
                              /Users/riley/opt/devkitpro/libogc/lib/wii/libogc.a(system.o) (__lwp_mqbox_init)
/Users/riley/opt/devkitpro/libogc/lib/wii/libogc.a(si.o)
                              /Users/riley/opt/devkitpro/libogc/lib/wii/libogc.a(pad.o) (SI_Busy)
/Users/riley/opt/devkitpro/libogc/lib/wii/libogc.a(ipc.o)
                              /Users/riley/opt/devkitpro/libogc/lib/wii/libogc.a(system.o) (__IPC_ClntInit)
/Users/riley/opt/devkitpro/libogc/lib/wii/libogc.a(ogc_crt0.o)
                              (_start)
/Users/riley/opt/devkitpro/libogc/lib/wii/libogc.a(console_font_8x16.o)
                              /Users/riley/opt/devkitpro/libogc/lib/wii/libogc.a(console.o) (console_font_8x16)
/Users/riley/opt/devkitpro/libogc/lib/wii/libogc.a(timesupp.o)
                              /Users/riley/opt/devkitpro/libogc/lib/wii/libogc.a(system.o) (gettick)
/Users/riley/opt/devkitpro/libogc/lib/wii/libogc.a(lock_supp.o)
                              /Users/riley/opt/devkitpro/libogc/lib/wii/libogc.a(system.o) (__libogc_lock_init)
/Users/riley/opt/devkitpro/libogc/lib/wii/libogc.a(newlibc.o)
                              /Users/riley/opt/devkitpro/libogc/lib/wii/libogc.a(system.o) (__libc_init)
/Users/riley/opt/devkitpro/libogc/lib/wii/libogc.a(usbgecko.o)
                              /Users/riley/opt/devkitpro/libogc/lib/wii/libogc.a(console.o) (usb_isgeckoalive)
/Users/riley/opt/devkitpro/libogc/lib/wii/libogc.a(sbrk.o)
                              /Users/riley/opt/devkitpro/libogc/lib/wii/libogc.a(system.o) (__libogc_sbrk_r)
/Users/riley/opt/devkitpro/libogc/lib/wii/libogc.a(malloc_lock.o)
                              /Users/riley/opt/devkitpro/libogc/lib/wii/libogc.a(system.o) (__memlock_init)
/Users/riley/opt/devkitpro/libogc/lib/wii/libogc.a(stm.o)
                              /Users/riley/opt/devkitpro/libogc/lib/wii/libogc.a(system.o) (STM_RegisterEventHandler)
/Users/riley/opt/devkitpro/libogc/lib/wii/libogc.a(ios.o)
                              /Users/riley/opt/devkitpro/libogc/lib/wii/libogc.a(system.o) (__IOS_InitializeSubsystems)
/Users/riley/opt/devkitpro/libogc/lib/wii/libogc.a(es.o)
                              /Users/riley/opt/devkitpro/libogc/lib/wii/libogc.a(ios.o) (__ES_Init)
/Users/riley/opt/devkitpro/libogc/lib/wii/libogc.a(argv.o)
                              /Users/riley/opt/devkitpro/libogc/lib/wii/libogc.a(ogc_crt0.o) (__CheckARGV)
/Users/riley/opt/devkitpro/libogc/lib/wii/libogc.a(conf.o)
                              /Users/riley/opt/devkitpro/libogc/lib/wii/libogc.a(system.o) (CONF_Init)
/Users/riley/opt/devkitpro/libogc/lib/wii/libogc.a(wiilaunch.o)
                              /Users/riley/opt/devkitpro/libogc/lib/wii/libogc.a(system.o) (WII_Initialize)
/Users/riley/opt/devkitpro/libogc/lib/wii/libogc.a(lwp_priority.o)
                              /Users/riley/opt/devkitpro/libogc/lib/wii/libogc.a(system.o) (__lwp_priority_init)
/Users/riley/opt/devkitpro/libogc/lib/wii/libogc.a(lwp_threadq.o)
                              /Users/riley/opt/devkitpro/libogc/lib/wii/libogc.a(cond.o) (__lwp_threadqueue_init)
/Users/riley/opt/devkitpro/libogc/lib/wii/libogc.a(lwp_threads.o)
                              /Users/riley/opt/devkitpro/libogc/lib/wii/libogc.a(cond.o) (_thr_executing)
/Users/riley/opt/devkitpro/libogc/lib/wii/libogc.a(lwp_messages.o)
                              /Users/riley/opt/devkitpro/libogc/lib/wii/libogc.a(message.o) (__lwpmq_initialize)
/Users/riley/opt/devkitpro/libogc/lib/wii/libogc.a(lwp.o)
                              /Users/riley/opt/devkitpro/libogc/lib/wii/libogc.a(system.o) (__lwp_sysinit)
/Users/riley/opt/devkitpro/libogc/lib/wii/libogc.a(lwp_handler.o)
                              /Users/riley/opt/devkitpro/libogc/lib/wii/libogc.a(lwp_threads.o) (_cpu_context_save_fp)
/Users/riley/opt/devkitpro/libogc/lib/wii/libogc.a(lwp_stack.o)
[...]
Memory Configuration

Name             Origin             Length             Attributes
*default*        0x0000000000000000 0xffffffffffffffff

Linker script and memory map

                0x0000000000003400                . = 0x3400

.stub
 *(.stub)
                0x0000000080004000                . = 0x80004000

.init           0x0000000080004000      0x194
 *crt0.o(*.init)
 .init          0x0000000080004000      0x170 /Users/riley/opt/devkitpro/libogc/lib/wii/libogc.a(ogc_crt0.o)
                0x0000000080004000                _start
                0x0000000080004140                _memset
 *(.init)
 .init          0x0000000080004170        0xc /Users/riley/opt/devkitpro/devkitPPC/bin/../lib/gcc/powerpc-eabi/6.3.0/ecrti.o
                0x0000000080004170                __init
 .init          0x000000008000417c        0x4 /Users/riley/opt/devkitpro/devkitPPC/bin/../lib/gcc/powerpc-eabi/6.3.0/crtbegin.o
 .init          0x0000000080004180        0x4 /Users/riley/opt/devkitpro/devkitPPC/bin/../lib/gcc/powerpc-eabi/6.3.0/crtend.o
 .init          0x0000000080004184       0x10 /Users/riley/opt/devkitpro/devkitPPC/bin/../lib/gcc/powerpc-eabi/6.3.0/ecrtn.o

.rela.dyn       0x0000000080004194        0x0
 .rela.iplt     0x0000000080004194        0x0 /Users/riley/opt/devkitpro/devkitPPC/bin/../lib/gcc/powerpc-eabi/6.3.0/crtbegin.o

.plt
 *(.plt)

.interp
 *(.interp)

.hash
 *(.hash)

.dynsym
 *(.dynsym)

.dynstr
 *(.dynstr)

.gnu.version
 *(.gnu.version)

.gnu.version_d
 *(.gnu.version_d)

.gnu.version_r
 *(.gnu.version_r)

.rel.init
 *(.rel.init)

.rela.init      0x0000000080004194        0x0
 *(.rela.init)
 .rela.init     0x0000000080004194        0x0 /Users/riley/opt/devkitpro/devkitPPC/bin/../lib/gcc/powerpc-eabi/6.3.0/crtbegin.o

.rel.text
 *(.rel.text .rel.text.* .rel.gnu.linkonce.t.*)

.rela.text      0x0000000080004194        0x0
 *(.rela.text .rela.text.* .rela.gnu.linkonce.t.*)
 .rela.text.deregister_tm_clones
                0x0000000080004194        0x0 /Users/riley/opt/devkitpro/devkitPPC/bin/../lib/gcc/powerpc-eabi/6.3.0/crtbegin.o
 .rela.text.register_tm_clones
                0x0000000080004194        0x0 /Users/riley/opt/devkitpro/devkitPPC/bin/../lib/gcc/powerpc-eabi/6.3.0/crtbegin.o
 .rela.text.__do_global_dtors_aux
                0x0000000080004194        0x0 /Users/riley/opt/devkitpro/devkitPPC/bin/../lib/gcc/powerpc-eabi/6.3.0/crtbegin.o
 .rela.text.frame_dummy
                0x0000000080004194        0x0 /Users/riley/opt/devkitpro/devkitPPC/bin/../lib/gcc/powerpc-eabi/6.3.0/crtbegin.o
 .rela.text.__console_init
                0x0000000080004194        0x0 /Users/riley/opt/devkitpro/devkitPPC/bin/../lib/gcc/powerpc-eabi/6.3.0/crtbegin.o
 .rela.text.__console_init_ex
                0x0000000080004194        0x0 /Users/riley/opt/devkitpro/devkitPPC/bin/../lib/gcc/powerpc-eabi/6.3.0/crtbegin.o
 .rela.text.CON_EnableGecko
                0x0000000080004194        0x0 /Users/riley/opt/devkitpro/devkitPPC/bin/../lib/gcc/powerpc-eabi/6.3.0/crtbegin.o
 .rela.text.__call_resetfuncs
                0x0000000080004194        0x0 /Users/riley/opt/devkitpro/devkitPPC/bin/../lib/gcc/powerpc-eabi/6.3.0/crtbegin.o
 .rela.text.__unlocksram
                0x0000000080004194        0x0 /Users/riley/opt/devkitpro/devkitPPC/bin/../lib/gcc/powerpc-eabi/6.3.0/crtbegin.o
 .rela.text.__sram_writecallback
                0x0000000080004194        0x0 /Users/riley/opt/devkitpro/devkitPPC/bin/../lib/gcc/powerpc-eabi/6.3.0/crtbegin.o
 .rela.text.__sys_alarmhandler
                0x0000000080004194        0x0 /Users/riley/opt/devkitpro/devkitPPC/bin/../lib/gcc/powerpc-eabi/6.3.0/crtbegin.o
 .rela.text.__sram_read.constprop.10
                0x0000000080004194        0x0 /Users/riley/opt/devkitpro/devkitPPC/bin/../lib/gcc/powerpc-eabi/6.3.0/crtbegin.o
 .rela.text.__sram_init
                0x0000000080004194        0x0 /Users/riley/opt/devkitpro/devkitPPC/bin/../lib/gcc/powerpc-eabi/6.3.0/crtbegin.o
 .rela.text.__SYS_LockSram
                0x0000000080004194        0x0 /Users/riley/opt/devkitpro/devkitPPC/bin/../lib/gcc/powerpc-eabi/6.3.0/crtbegin.o
 .rela.text.__SYS_LockSramEx
                0x0000000080004194        0x0 /Users/riley/opt/devkitpro/devkitPPC/bin/../lib/gcc/powerpc-eabi/6.3.0/crtbegin.o
 .rela.text.__SYS_SyncSram
                0x0000000080004194        0x0 /Users/riley/opt/devkitpro/devkitPPC/bin/../lib/gcc/powerpc-eabi/6.3.0/crtbegin.o
 .rela.text.__SYS_SetBootTime
                0x0000000080004194        0x0 /Users/riley/opt/devkitpro/devkitPPC/bin/../lib/gcc/powerpc-eabi/6.3.0/crtbegin.o
 .rela.text.SYS_Init
                0x0000000080004194        0x0 /Users/riley/opt/devkitpro/devkitPPC/bin/../lib/gcc/powerpc-eabi/6.3.0/crtbegin.o
 .rela.text.SYS_SetAlarm
                0x0000000080004194        0x0 /Users/riley/opt/devkitpro/devkitPPC/bin/../lib/gcc/powerpc-eabi/6.3.0/crtbegin.o
 .rela.text.SYS_SetPeriodicAlarm
                0x0000000080004194        0x0 /Users/riley/opt/devkitpro/devkitPPC/bin/../lib/gcc/powerpc-eabi/6.3.0/crtbegin.o
 .rela.text.SYS_RemoveAlarm
                0x0000000080004194        0x0 /Users/riley/opt/devkitpro/devkitPPC/bin/../lib/gcc/powerpc-eabi/6.3.0/crtbegin.o
 .rela.text.SYS_CancelAlarm
                0x0000000080004194        0x0 /Users/riley/opt/devkitpro/devkitPPC/bin/../lib/gcc/powerpc-eabi/6.3.0/crtbegin.o
 .rela.text.SYS_SetWirelessID
                0x0000000080004194        0x0 /Users/riley/opt/devkitpro/devkitPPC/bin/../lib/gcc/powerpc-eabi/6.3.0/crtbegin.o
 .rela.text.SYS_GetWirelessID
                0x0000000080004194        0x0 /Users/riley/opt/devkitpro/devkitPPC/bin/../lib/gcc/powerpc-eabi/6.3.0/crtbegin.o
 .rela.text.__lwp_cond_waitsupp.constprop.4
                0x0000000080004194        0x0 /Users/riley/opt/devkitpro/devkitPPC/bin/../lib/gcc/powerpc-eabi/6.3.0/crtbegin.o
 .rela.text.__lwp_cond_signalsupp
                0x0000000080004194        0x0 /Users/riley/opt/devkitpro/devkitPPC/bin/../lib/gcc/powerpc-eabi/6.3.0/crtbegin.o
 .rela.text.__lwp_cond_init
                0x0000000080004194        0x0 /Users/riley/opt/devkitpro/devkitPPC/bin/../lib/gcc/powerpc-eabi/6.3.0/crtbegin.o
 .rela.text.LWP_CondInit
                0x0000000080004194        0x0 /Users/riley/opt/devkitpro/devkitPPC/bin/../lib/gcc/powerpc-eabi/6.3.0/crtbegin.o
 .rela.text.LWP_CondDestroy
                0x0000000080004194        0x0 /Users/riley/opt/devkitpro/devkitPPC/bin/../lib/gcc/powerpc-eabi/6.3.0/crtbegin.o
 .rela.text.c_decrementer_handler
                0x0000000080004194        0x0 /Users/riley/opt/devkitpro/devkitPPC/bin/../lib/gcc/powerpc-eabi/6.3.0/crtbegin.o
 .rela.text.__lwp_mqbox_init
                0x0000000080004194        0x0 /Users/riley/opt/devkitpro/devkitPPC/bin/../lib/gcc/powerpc-eabi/6.3.0/crtbegin.o
 .rela.text.MQ_Init
                0x0000000080004194        0x0 /Users/riley/opt/devkitpro/devkitPPC/bin/../lib/gcc/powerpc-eabi/6.3.0/crtbegin.o
 .rela.text.MQ_Close
                0x0000000080004194        0x0 /Users/riley/opt/devkitpro/devkitPPC/bin/../lib/gcc/powerpc-eabi/6.3.0/crtbegin.o
 .rela.text.MQ_Send
                0x0000000080004194        0x0 /Users/riley/opt/devkitpro/devkitPPC/bin/../lib/gcc/powerpc-eabi/6.3.0/crtbegin.o
 .rela.text.MQ_Receive
                0x0000000080004194        0x0 /Users/riley/opt/devkitpro/devkitPPC/bin/../lib/gcc/powerpc-eabi/6.3.0/crtbegin.o
 .rela.text.MQ_Jam
                0x0000000080004194        0x0 /Users/riley/opt/devkitpro/devkitPPC/bin/../lib/gcc/powerpc-eabi/6.3.0/crtbegin.o
 .rela.text.__ios_ioctlvformat_parse
                0x0000000080004194        0x0 /Users/riley/opt/devkitpro/devkitPPC/bin/../lib/gcc/powerpc-eabi/6.3.0/crtbegin.o
 .rela.text.__ioctlvfmtCB
                0x0000000080004194        0x0 /Users/riley/opt/devkitpro/devkitPPC/bin/../lib/gcc/powerpc-eabi/6.3.0/crtbegin.o
 .rela.text.IOS_IoctlvFormat
                0x0000000080004194        0x0 /Users/riley/opt/devkitpro/devkitPPC/bin/../lib/gcc/powerpc-eabi/6.3.0/crtbegin.o
 .rela.text.IOS_IoctlvFormatAsync
                0x0000000080004194        0x0 /Users/riley/opt/devkitpro/devkitPPC/bin/../lib/gcc/powerpc-eabi/6.3.0/crtbegin.o
 .rela.text.nanosleep
                0x0000000080004194        0x0 /Users/riley/opt/devkitpro/devkitPPC/bin/../lib/gcc/powerpc-eabi/6.3.0/crtbegin.o
 .rela.text.__libc_delete_hook
                0x0000000080004194        0x0 /Users/riley/opt/devkitpro/devkitPPC/bin/../lib/gcc/powerpc-eabi/6.3.0/crtbegin.o
 .rela.text.__libc_init
                0x0000000080004194        0x0 /Users/riley/opt/devkitpro/devkitPPC/bin/../lib/gcc/powerpc-eabi/6.3.0/crtbegin.o
 .rela.text.__CheckARGV
                0x0000000080004194        0x0 /Users/riley/opt/devkitpro/devkitPPC/bin/../lib/gcc/powerpc-eabi/6.3.0/crtbegin.o
 .rela.text.__lwp_priority_init
                0x0000000080004194        0x0 /Users/riley/opt/devkitpro/devkitPPC/bin/../lib/gcc/powerpc-eabi/6.3.0/crtbegin.o
 .rela.text.__lwp_threadqueue_enqueuefifo
                0x0000000080004194        0x0 /Users/riley/opt/devkitpro/devkitPPC/bin/../lib/gcc/powerpc-eabi/6.3.0/crtbegin.o
 .rela.text.__lwp_threadqueue_dequeuefifo
                0x0000000080004194        0x0 /Users/riley/opt/devkitpro/devkitPPC/bin/../lib/gcc/powerpc-eabi/6.3.0/crtbegin.o
 .rela.text.__lwp_threadqueue_enqueuepriority
                0x0000000080004194        0x0 /Users/riley/opt/devkitpro/devkitPPC/bin/../lib/gcc/powerpc-eabi/6.3.0/crtbegin.o
 .rela.text.__lwp_threadqueue_dequeuepriority
                0x0000000080004194        0x0 /Users/riley/opt/devkitpro/devkitPPC/bin/../lib/gcc/powerpc-eabi/6.3.0/crtbegin.o
 .rela.text.__lwp_threadqueue_enqueue
                0x0000000080004194        0x0 /Users/riley/opt/devkitpro/devkitPPC/bin/../lib/gcc/powerpc-eabi/6.3.0/crtbegin.o
 .rela.text.__lwp_threadqueue_extractfifo
                0x0000000080004194        0x0 /Users/riley/opt/devkitpro/devkitPPC/bin/../lib/gcc/powerpc-eabi/6.3.0/crtbegin.o
 .rela.text.__lwp_threadqueue_extractpriority
                0x0000000080004194        0x0 /Users/riley/opt/devkitpro/devkitPPC/bin/../lib/gcc/powerpc-eabi/6.3.0/crtbegin.o
 .rela.text.__lwp_rotate_readyqueue
                0x0000000080004194        0x0 /Users/riley/opt/devkitpro/devkitPPC/bin/../lib/gcc/powerpc-eabi/6.3.0/crtbegin.o
 .rela.text.__lwp_thread_tickle_timeslice
                0x0000000080004194        0x0 /Users/riley/opt/devkitpro/devkitPPC/bin/../lib/gcc/powerpc-eabi/6.3.0/crtbegin.o
 .rela.text.__lwp_thread_setstate
                0x0000000080004194        0x0 /Users/riley/opt/devkitpro/devkitPPC/bin/../lib/gcc/powerpc-eabi/6.3.0/crtbegin.o
 .rela.text.__lwp_thread_setpriority
                0x0000000080004194        0x0 /Users/riley/opt/devkitpro/devkitPPC/bin/../lib/gcc/powerpc-eabi/6.3.0/crtbegin.o
 .rela.text.__lwp_thread_suspend
                0x0000000080004194        0x0 /Users/riley/opt/devkitpro/devkitPPC/bin/../lib/gcc/powerpc-eabi/6.3.0/crtbegin.o
 .rela.text.__lwp_thread_changepriority
                0x0000000080004194        0x0 /Users/riley/opt/devkitpro/devkitPPC/bin/../lib/gcc/powerpc-eabi/6.3.0/crtbegin.o
 .rela.text.__lwp_thread_ready
                0x0000000080004194        0x0 /Users/riley/opt/devkitpro/devkitPPC/bin/../lib/gcc/powerpc-eabi/6.3.0/crtbegin.o
 .rela.text.__lwp_thread_init
                0x0000000080004194        0x0 /Users/riley/opt/devkitpro/devkitPPC/bin/../lib/gcc/powerpc-eabi/6.3.0/crtbegin.o
 .rela.text.__lwp_thread_close
                0x0000000080004194        0x0 /Users/riley/opt/devkitpro/devkitPPC/bin/../lib/gcc/powerpc-eabi/6.3.0/crtbegin.o
 .rela.text.__lwp_thread_closeall
                0x0000000080004194        0x0 /Users/riley/opt/devkitpro/devkitPPC/bin/../lib/gcc/powerpc-eabi/6.3.0/crtbegin.o
 .rela.text.__lwp_thread_startmultitasking
                0x0000000080004194        0x0 /Users/riley/opt/devkitpro/devkitPPC/bin/../lib/gcc/powerpc-eabi/6.3.0/crtbegin.o
 .rela.text.__lwp_thread_stopmultitasking
                0x0000000080004194        0x0 /Users/riley/opt/devkitpro/devkitPPC/bin/../lib/gcc/powerpc-eabi/6.3.0/crtbegin.o
 .rela.text.__lwp_thread_coreinit
                0x0000000080004194        0x0 /Users/riley/opt/devkitpro/devkitPPC/bin/../lib/gcc/powerpc-eabi/6.3.0/crtbegin.o
 .rela.text.__lwpmq_initialize
                0x0000000080004194        0x0 /Users/riley/opt/devkitpro/devkitPPC/bin/../lib/gcc/powerpc-eabi/6.3.0/crtbegin.o
 .rela.text.__lwpmq_close
                0x0000000080004194        0x0 /Users/riley/opt/devkitpro/devkitPPC/bin/../lib/gcc/powerpc-eabi/6.3.0/crtbegin.o
 .rela.text.__lwp_sysinit
                0x0000000080004194        0x0 /Users/riley/opt/devkitpro/devkitPPC/bin/../lib/gcc/powerpc-eabi/6.3.0/crtbegin.o
 .rela.text.__lwp_thread_isalive
                0x0000000080004194        0x0 /Users/riley/opt/devkitpro/devkitPPC/bin/../lib/gcc/powerpc-eabi/6.3.0/crtbegin.o
 .rela.text.__lwp_thread_exists
                0x0000000080004194        0x0 /Users/riley/opt/devkitpro/devkitPPC/bin/../lib/gcc/powerpc-eabi/6.3.0/crtbegin.o
 .rela.text.__lwp_thread_context
                0x0000000080004194        0x0 /Users/riley/opt/devkitpro/devkitPPC/bin/../lib/gcc/powerpc-eabi/6.3.0/crtbegin.o
 .rela.text.LWP_CreateThread
                0x0000000080004194        0x0 /Users/riley/opt/devkitpro/devkitPPC/bin/../lib/gcc/powerpc-eabi/6.3.0/crtbegin.o
 .rela.text.LWP_SuspendThread
                0x0000000080004194        0x0 /Users/riley/opt/devkitpro/devkitPPC/bin/../lib/gcc/powerpc-eabi/6.3.0/crtbegin.o
 .rela.text.LWP_ResumeThread
                0x0000000080004194        0x0 /Users/riley/opt/devkitpro/devkitPPC/bin/../lib/gcc/powerpc-eabi/6.3.0/crtbegin.o
 .rela.text.LWP_SetThreadPriority
                0x0000000080004194        0x0 /Users/riley/opt/devkitpro/devkitPPC/bin/../lib/gcc/powerpc-eabi/6.3.0/crtbegin.o
 .rela.text.LWP_ThreadIsSuspended
                0x0000000080004194        0x0 /Users/riley/opt/devkitpro/devkitPPC/bin/../lib/gcc/powerpc-eabi/6.3.0/crtbegin.o
 .rela.text.LWP_JoinThread
                0x0000000080004194        0x0 /Users/riley/opt/devkitpro/devkitPPC/bin/../lib/gcc/powerpc-eabi/6.3.0/crtbegin.o
 .rela.text.LWP_InitQueue
                0x0000000080004194        0x0 /Users/riley/opt/devkitpro/devkitPPC/bin/../lib/gcc/powerpc-eabi/6.3.0/crtbegin.o
 .rela.text.LWP_CloseQueue
                0x0000000080004194        0x0 /Users/riley/opt/devkitpro/devkitPPC/bin/../lib/gcc/powerpc-eabi/6.3.0/crtbegin.o
 .rela.text.LWP_ThreadSleep
                0x0000000080004194        0x0 /Users/riley/opt/devkitpro/devkitPPC/bin/../lib/gcc/powerpc-eabi/6.3.0/crtbegin.o
 .rela.text.LWP_ThreadBroadcast
                0x0000000080004194        0x0 /Users/riley/opt/devkitpro/devkitPPC/bin/../lib/gcc/powerpc-eabi/6.3.0/crtbegin.o
 .rela.text.LWP_ThreadSignal
                0x0000000080004194        0x0 /Users/riley/opt/devkitpro/devkitPPC/bin/../lib/gcc/powerpc-eabi/6.3.0/crtbegin.o
 .rela.text.__lwp_stack_allocate
                0x0000000080004194        0x0 /Users/riley/opt/devkitpro/devkitPPC/bin/../lib/gcc/powerpc-eabi/6.3.0/crtbegin.o
 .rela.text.__lwp_stack_free
                0x0000000080004194        0x0 /Users/riley/opt/devkitpro/devkitPPC/bin/../lib/gcc/powerpc-eabi/6.3.0/crtbegin.o
 .rela.text.__lwp_watchdog_init
                0x0000000080004194        0x0 /Users/riley/opt/devkitpro/devkitPPC/bin/../lib/gcc/powerpc-eabi/6.3.0/crtbegin.o
 .rela.text.__lwp_wd_tickle
                0x0000000080004194        0x0 /Users/riley/opt/devkitpro/devkitPPC/bin/../lib/gcc/powerpc-eabi/6.3.0/crtbegin.o
 .rela.text.__lwp_wkspace_heapfree
                0x0000000080004194        0x0 /Users/riley/opt/devkitpro/devkitPPC/bin/../lib/gcc/powerpc-eabi/6.3.0/crtbegin.o
 .rela.text.__lwp_wkspace_heapused
                0x0000000080004194        0x0 /Users/riley/opt/devkitpro/devkitPPC/bin/../lib/gcc/powerpc-eabi/6.3.0/crtbegin.o
 .rela.text.__lwp_wkspace_init
                0x0000000080004194        0x0 /Users/riley/opt/devkitpro/devkitPPC/bin/../lib/gcc/powerpc-eabi/6.3.0/crtbegin.o
 .rela.text.__lwp_objmgr_initinfo
                0x0000000080004194        0x0 /Users/riley/opt/devkitpro/devkitPPC/bin/../lib/gcc/powerpc-eabi/6.3.0/crtbegin.o
 .rela.text.__systemcall_init
                0x0000000080004194        0x0 /Users/riley/opt/devkitpro/devkitPPC/bin/../lib/gcc/powerpc-eabi/6.3.0/crtbegin.o
 .rela.text.__exception_init
                0x0000000080004194        0x0 /Users/riley/opt/devkitpro/devkitPPC/bin/../lib/gcc/powerpc-eabi/6.3.0/crtbegin.o
 .rela.text.__exception_close
                0x0000000080004194        0x0 /Users/riley/opt/devkitpro/devkitPPC/bin/../lib/gcc/powerpc-eabi/6.3.0/crtbegin.o
 .rela.text.__exception_sethandler
                0x0000000080004194        0x0 /Users/riley/opt/devkitpro/devkitPPC/bin/../lib/gcc/powerpc-eabi/6.3.0/crtbegin.o
 .rela.text.__irq_init
                0x0000000080004194        0x0 /Users/riley/opt/devkitpro/devkitPPC/bin/../lib/gcc/powerpc-eabi/6.3.0/crtbegin.o
 .rela.text     0x0000000080004194        0x0 /Users/riley/opt/devkitpro/devkitPPC/bin/../lib/gcc/powerpc-eabi/6.3.0/crtbegin.o
 .rela.text.__lwp_sema_init
                0x0000000080004194        0x0 /Users/riley/opt/devkitpro/devkitPPC/bin/../lib/gcc/powerpc-eabi/6.3.0/crtbegin.o
 .rela.text.LWP_SemInit
                0x0000000080004194        0x0 /Users/riley/opt/devkitpro/devkitPPC/bin/../lib/gcc/powerpc-eabi/6.3.0/crtbegin.o
 .rela.text.LWP_SemWait
                0x0000000080004194        0x0 /Users/riley/opt/devkitpro/devkitPPC/bin/../lib/gcc/powerpc-eabi/6.3.0/crtbegin.o
 .rela.text.LWP_SemPost
                0x0000000080004194        0x0 /Users/riley/opt/devkitpro/devkitPPC/bin/../lib/gcc/powerpc-eabi/6.3.0/crtbegin.o
 .rela.text.LWP_SemDestroy
                0x0000000080004194        0x0 /Users/riley/opt/devkitpro/devkitPPC/bin/../lib/gcc/powerpc-eabi/6.3.0/crtbegin.o
 .rela.text.__lwp_mutex_locksupp.constprop.8
                0x0000000080004194        0x0 /Users/riley/opt/devkitpro/devkitPPC/bin/../lib/gcc/powerpc-eabi/6.3.0/crtbegin.o
 .rela.text.__lwp_mutex_init
                0x0000000080004194        0x0 /Users/riley/opt/devkitpro/devkitPPC/bin/../lib/gcc/powerpc-eabi/6.3.0/crtbegin.o
 .rela.text.LWP_MutexInit
                0x0000000080004194        0x0 /Users/riley/opt/devkitpro/devkitPPC/bin/../lib/gcc/powerpc-eabi/6.3.0/crtbegin.o
 .rela.text.LWP_MutexDestroy
                0x0000000080004194        0x0 /Users/riley/opt/devkitpro/devkitPPC/bin/../lib/gcc/powerpc-eabi/6.3.0/crtbegin.o
 .rela.text.LWP_MutexUnlock
                0x0000000080004194        0x0 /Users/riley/opt/devkitpro/devkitPPC/bin/../lib/gcc/powerpc-eabi/6.3.0/crtbegin.o
 .rela.text.__GX_InitRevBits
                0x0000000080004194        0x0 /Users/riley/opt/devkitpro/devkitPPC/bin/../lib/gcc/powerpc-eabi/6.3.0/crtbegin.o
 .rela.text.__GX_CleanGPFifo
                0x0000000080004194        0x0 /Users/riley/opt/devkitpro/devkitPPC/bin/../lib/gcc/powerpc-eabi/6.3.0/crtbegin.o
 .rela.text.__GXDefTexRegionCallback
                0x0000000080004194        0x0 /Users/riley/opt/devkitpro/devkitPPC/bin/../lib/gcc/powerpc-eabi/6.3.0/crtbegin.o
 .rela.text.__GXDefTlutRegionCallback
                0x0000000080004194        0x0 /Users/riley/opt/devkitpro/devkitPPC/bin/../lib/gcc/powerpc-eabi/6.3.0/crtbegin.o
 .rela.text.__SetSURegs
                0x0000000080004194        0x0 /Users/riley/opt/devkitpro/devkitPPC/bin/../lib/gcc/powerpc-eabi/6.3.0/crtbegin.o
 .rela.text.__GXCPInterruptHandler
                0x0000000080004194        0x0 /Users/riley/opt/devkitpro/devkitPPC/bin/../lib/gcc/powerpc-eabi/6.3.0/crtbegin.o
 .rela.text.__GX_Abort
                0x0000000080004194        0x0 /Users/riley/opt/devkitpro/devkitPPC/bin/../lib/gcc/powerpc-eabi/6.3.0/crtbegin.o
 .rela.text.GX_SetTexCoordGen2.part.7
                0x0000000080004194        0x0 /Users/riley/opt/devkitpro/devkitPPC/bin/../lib/gcc/powerpc-eabi/6.3.0/crtbegin.o
 .rela.text.__GX_SetDirtyState
                0x0000000080004194        0x0 /Users/riley/opt/devkitpro/devkitPPC/bin/../lib/gcc/powerpc-eabi/6.3.0/crtbegin.o
 .rela.text.GX_SetCPUFifo
                0x0000000080004194        0x0 /Users/riley/opt/devkitpro/devkitPPC/bin/../lib/gcc/powerpc-eabi/6.3.0/crtbegin.o
 .rela.text.GX_SetGPFifo
                0x0000000080004194        0x0 /Users/riley/opt/devkitpro/devkitPPC/bin/../lib/gcc/powerpc-eabi/6.3.0/crtbegin.o
 .rela.text.GX_RestoreWriteGatherPipe
                0x0000000080004194        0x0 /Users/riley/opt/devkitpro/devkitPPC/bin/../lib/gcc/powerpc-eabi/6.3.0/crtbegin.o
 .rela.text.GX_Flush
                0x0000000080004194        0x0 /Users/riley/opt/devkitpro/devkitPPC/bin/../lib/gcc/powerpc-eabi/6.3.0/crtbegin.o
 .rela.text.GX_RedirectWriteGatherPipe
                0x0000000080004194        0x0 /Users/riley/opt/devkitpro/devkitPPC/bin/../lib/gcc/powerpc-eabi/6.3.0/crtbegin.o
 .rela.text.__gx_onreset
                0x0000000080004194        0x0 /Users/riley/opt/devkitpro/devkitPPC/bin/../lib/gcc/powerpc-eabi/6.3.0/crtbegin.o
 .rela.text.GX_EnableBreakPt
                0x0000000080004194        0x0 /Users/riley/opt/devkitpro/devkitPPC/bin/../lib/gcc/powerpc-eabi/6.3.0/crtbegin.o
 .rela.text.GX_DisableBreakPt
                0x0000000080004194        0x0 /Users/riley/opt/devkitpro/devkitPPC/bin/../lib/gcc/powerpc-eabi/6.3.0/crtbegin.o
 .rela.text.GX_AbortFrame
                0x0000000080004194        0x0 /Users/riley/opt/devkitpro/devkitPPC/bin/../lib/gcc/powerpc-eabi/6.3.0/crtbegin.o
 .rela.text.GX_PixModeSync
                0x0000000080004194        0x0 /Users/riley/opt/devkitpro/devkitPPC/bin/../lib/gcc/powerpc-eabi/6.3.0/crtbegin.o
 .rela.text.GX_SetMisc
                0x0000000080004194        0x0 /Users/riley/opt/devkitpro/devkitPPC/bin/../lib/gcc/powerpc-eabi/6.3.0/crtbegin.o
 .rela.text.GX_SetCopyClamp
                0x0000000080004194        0x0 /Users/riley/opt/devkitpro/devkitPPC/bin/../lib/gcc/powerpc-eabi/6.3.0/crtbegin.o
 .rela.text.GX_SetDispCopyGamma
                0x0000000080004194        0x0 /Users/riley/opt/devkitpro/devkitPPC/bin/../lib/gcc/powerpc-eabi/6.3.0/crtbegin.o
 .rela.text.GX_SetDispCopyFrame2Field
                0x0000000080004194        0x0 /Users/riley/opt/devkitpro/devkitPPC/bin/../lib/gcc/powerpc-eabi/6.3.0/crtbegin.o
 .rela.text.GX_SetDispCopyYScale
                0x0000000080004194        0x0 /Users/riley/opt/devkitpro/devkitPPC/bin/../lib/gcc/powerpc-eabi/6.3.0/crtbegin.o
 .rela.text.GX_SetDispCopyDst
                0x0000000080004194        0x0 /Users/riley/opt/devkitpro/devkitPPC/bin/../lib/gcc/powerpc-eabi/6.3.0/crtbegin.o
 .rela.text.GX_SetDispCopySrc
                0x0000000080004194        0x0 /Users/riley/opt/devkitpro/devkitPPC/bin/../lib/gcc/powerpc-eabi/6.3.0/crtbegin.o
 .rela.text.GX_CopyDisp
                0x0000000080004194        0x0 /Users/riley/opt/devkitpro/devkitPPC/bin/../lib/gcc/powerpc-eabi/6.3.0/crtbegin.o
 .rela.text.GX_CopyTex
                0x0000000080004194        0x0 /Users/riley/opt/devkitpro/devkitPPC/bin/../lib/gcc/powerpc-eabi/6.3.0/crtbegin.o
 .rela.text.GX_SetTexCopySrc
                0x0000000080004194        0x0 /Users/riley/opt/devkitpro/devkitPPC/bin/../lib/gcc/powerpc-eabi/6.3.0/crtbegin.o
 .rela.text.GX_SetTexCopyDst
                0x0000000080004194        0x0 /Users/riley/opt/devkitpro/devkitPPC/bin/../lib/gcc/powerpc-eabi/6.3.0/crtbegin.o
 .rela.text.GX_BeginDispList
                0x0000000080004194        0x0 /Users/riley/opt/devkitpro/devkitPPC/bin/../lib/gcc/powerpc-eabi/6.3.0/crtbegin.o
 .rela.text.GX_EndDispList
                0x0000000080004194        0x0 /Users/riley/opt/devkitpro/devkitPPC/bin/../lib/gcc/powerpc-eabi/6.3.0/crtbegin.o
 .rela.text.GX_CallDispList
                0x0000000080004194        0x0 /Users/riley/opt/devkitpro/devkitPPC/bin/../lib/gcc/powerpc-eabi/6.3.0/crtbegin.o
 .rela.text.GX_SetChanCtrl
                0x0000000080004194        0x0 /Users/riley/opt/devkitpro/devkitPPC/bin/../lib/gcc/powerpc-eabi/6.3.0/crtbegin.o
 .rela.text.GX_SetChanAmbColor
                0x0000000080004194        0x0 /Users/riley/opt/devkitpro/devkitPPC/bin/../lib/gcc/powerpc-eabi/6.3.0/crtbegin.o
 .rela.text.GX_SetChanMatColor
                0x0000000080004194        0x0 /Users/riley/opt/devkitpro/devkitPPC/bin/../lib/gcc/powerpc-eabi/6.3.0/crtbegin.o
 .rela.text.GX_SetVtxDesc
                0x0000000080004194        0x0 /Users/riley/opt/devkitpro/devkitPPC/bin/../lib/gcc/powerpc-eabi/6.3.0/crtbegin.o
 .rela.text.GX_SetVtxDescv
                0x0000000080004194        0x0 /Users/riley/opt/devkitpro/devkitPPC/bin/../lib/gcc/powerpc-eabi/6.3.0/crtbegin.o
 .rela.text.GX_GetVtxDescv
                0x0000000080004194        0x0 /Users/riley/opt/devkitpro/devkitPPC/bin/../lib/gcc/powerpc-eabi/6.3.0/crtbegin.o
 .rela.text.GX_SetVtxAttrFmt
                0x0000000080004194        0x0 /Users/riley/opt/devkitpro/devkitPPC/bin/../lib/gcc/powerpc-eabi/6.3.0/crtbegin.o
 .rela.text.GX_SetVtxAttrFmtv
                0x0000000080004194        0x0 /Users/riley/opt/devkitpro/devkitPPC/bin/../lib/gcc/powerpc-eabi/6.3.0/crtbegin.o
 .rela.text.GX_Begin
                0x0000000080004194        0x0 /Users/riley/opt/devkitpro/devkitPPC/bin/../lib/gcc/powerpc-eabi/6.3.0/crtbegin.o
 .rela.text.GX_SetCurrentMtx
                0x0000000080004194        0x0 /Users/riley/opt/devkitpro/devkitPPC/bin/../lib/gcc/powerpc-eabi/6.3.0/crtbegin.o
 .rela.text.GX_SetNumTexGens
                0x0000000080004194        0x0 /Users/riley/opt/devkitpro/devkitPPC/bin/../lib/gcc/powerpc-eabi/6.3.0/crtbegin.o
 .rela.text.GX_SetZMode
                0x0000000080004194        0x0 /Users/riley/opt/devkitpro/devkitPPC/bin/../lib/gcc/powerpc-eabi/6.3.0/crtbegin.o
 .rela.text.GX_LoadTexObjPreloaded
                0x0000000080004194        0x0 /Users/riley/opt/devkitpro/devkitPPC/bin/../lib/gcc/powerpc-eabi/6.3.0/crtbegin.o
 .rela.text.GX_PreloadEntireTexture
                0x0000000080004194        0x0 /Users/riley/opt/devkitpro/devkitPPC/bin/../lib/gcc/powerpc-eabi/6.3.0/crtbegin.o
 .rela.text.GX_InvalidateTexAll
                0x0000000080004194        0x0 /Users/riley/opt/devkitpro/devkitPPC/bin/../lib/gcc/powerpc-eabi/6.3.0/crtbegin.o
 .rela.text.GX_InvalidateTexRegion
                0x0000000080004194        0x0 /Users/riley/opt/devkitpro/devkitPPC/bin/../lib/gcc/powerpc-eabi/6.3.0/crtbegin.o
 .rela.text.GX_LoadTlut
                0x0000000080004194        0x0 /Users/riley/opt/devkitpro/devkitPPC/bin/../lib/gcc/powerpc-eabi/6.3.0/crtbegin.o
 .rela.text.GX_SetTexCoordScaleManually
                0x0000000080004194        0x0 /Users/riley/opt/devkitpro/devkitPPC/bin/../lib/gcc/powerpc-eabi/6.3.0/crtbegin.o
 .rela.text.GX_SetTexCoordCylWrap
                0x0000000080004194        0x0 /Users/riley/opt/devkitpro/devkitPPC/bin/../lib/gcc/powerpc-eabi/6.3.0/crtbegin.o
 .rela.text.GX_SetTexCoordBias
                0x0000000080004194        0x0 /Users/riley/opt/devkitpro/devkitPPC/bin/../lib/gcc/powerpc-eabi/6.3.0/crtbegin.o
 .rela.text.GX_SetBlendMode
                0x0000000080004194        0x0 /Users/riley/opt/devkitpro/devkitPPC/bin/../lib/gcc/powerpc-eabi/6.3.0/crtbegin.o
 .rela.text.GX_ClearVtxDesc
                0x0000000080004194        0x0 /Users/riley/opt/devkitpro/devkitPPC/bin/../lib/gcc/powerpc-eabi/6.3.0/crtbegin.o
 .rela.text.GX_SetLineWidth
                0x0000000080004194        0x0 /Users/riley/opt/devkitpro/devkitPPC/bin/../lib/gcc/powerpc-eabi/6.3.0/crtbegin.o
 .rela.text.GX_SetPointSize
                0x0000000080004194        0x0 /Users/riley/opt/devkitpro/devkitPPC/bin/../lib/gcc/powerpc-eabi/6.3.0/crtbegin.o
 .rela.text.GX_SetTevColorIn
                0x0000000080004194        0x0 /Users/riley/opt/devkitpro/devkitPPC/bin/../lib/gcc/powerpc-eabi/6.3.0/crtbegin.o
 .rela.text.GX_SetTevAlphaIn
                0x0000000080004194        0x0 /Users/riley/opt/devkitpro/devkitPPC/bin/../lib/gcc/powerpc-eabi/6.3.0/crtbegin.o
 .rela.text.GX_SetTevColorOp
                0x0000000080004194        0x0 /Users/riley/opt/devkitpro/devkitPPC/bin/../lib/gcc/powerpc-eabi/6.3.0/crtbegin.o
 .rela.text.GX_SetTevAlphaOp
                0x0000000080004194        0x0 /Users/riley/opt/devkitpro/devkitPPC/bin/../lib/gcc/powerpc-eabi/6.3.0/crtbegin.o
 .rela.text.GX_SetTevOp
                0x0000000080004194        0x0 /Users/riley/opt/devkitpro/devkitPPC/bin/../lib/gcc/powerpc-eabi/6.3.0/crtbegin.o
 .rela.text.GX_SetCullMode
                0x0000000080004194        0x0 /Users/riley/opt/devkitpro/devkitPPC/bin/../lib/gcc/powerpc-eabi/6.3.0/crtbegin.o
 .rela.text.GX_SetCoPlanar
                0x0000000080004194        0x0 /Users/riley/opt/devkitpro/devkitPPC/bin/../lib/gcc/powerpc-eabi/6.3.0/crtbegin.o
 .rela.text.GX_EnableTexOffsets
                0x0000000080004194        0x0 /Users/riley/opt/devkitpro/devkitPPC/bin/../lib/gcc/powerpc-eabi/6.3.0/crtbegin.o
 .rela.text.GX_SetScissor
                0x0000000080004194        0x0 /Users/riley/opt/devkitpro/devkitPPC/bin/../lib/gcc/powerpc-eabi/6.3.0/crtbegin.o
 .rela.text.GX_SetNumChans
                0x0000000080004194        0x0 /Users/riley/opt/devkitpro/devkitPPC/bin/../lib/gcc/powerpc-eabi/6.3.0/crtbegin.o
 .rela.text.GX_SetTevOrder
                0x0000000080004194        0x0 /Users/riley/opt/devkitpro/devkitPPC/bin/../lib/gcc/powerpc-eabi/6.3.0/crtbegin.o
 .rela.text.GX_SetNumTevStages
                0x0000000080004194        0x0 /Users/riley/opt/devkitpro/devkitPPC/bin/../lib/gcc/powerpc-eabi/6.3.0/crtbegin.o
 .rela.text.GX_SetTevKColorSel
                0x0000000080004194        0x0 /Users/riley/opt/devkitpro/devkitPPC/bin/../lib/gcc/powerpc-eabi/6.3.0/crtbegin.o
 .rela.text.GX_SetTevKAlphaSel
                0x0000000080004194        0x0 /Users/riley/opt/devkitpro/devkitPPC/bin/../lib/gcc/powerpc-eabi/6.3.0/crtbegin.o
 .rela.text.GX_SetTevSwapMode
                0x0000000080004194        0x0 /Users/riley/opt/devkitpro/devkitPPC/bin/../lib/gcc/powerpc-eabi/6.3.0/crtbegin.o
 .rela.text.GX_SetTevSwapModeTable
                0x0000000080004194        0x0 /Users/riley/opt/devkitpro/devkitPPC/bin/../lib/gcc/powerpc-eabi/6.3.0/crtbegin.o
 .rela.text.GX_SetNumIndStages
                0x0000000080004194        0x0 /Users/riley/opt/devkitpro/devkitPPC/bin/../lib/gcc/powerpc-eabi/6.3.0/crtbegin.o
 .rela.text.GX_SetIndTexCoordScale
                0x0000000080004194        0x0 /Users/riley/opt/devkitpro/devkitPPC/bin/../lib/gcc/powerpc-eabi/6.3.0/crtbegin.o
 .rela.text.GX_SetColorUpdate
                0x0000000080004194        0x0 /Users/riley/opt/devkitpro/devkitPPC/bin/../lib/gcc/powerpc-eabi/6.3.0/crtbegin.o
 .rela.text.GX_SetAlphaUpdate
                0x0000000080004194        0x0 /Users/riley/opt/devkitpro/devkitPPC/bin/../lib/gcc/powerpc-eabi/6.3.0/crtbegin.o
 .rela.text.GX_SetZCompLoc
                0x0000000080004194        0x0 /Users/riley/opt/devkitpro/devkitPPC/bin/../lib/gcc/powerpc-eabi/6.3.0/crtbegin.o
 .rela.text.GX_SetPixelFmt
                0x0000000080004194        0x0 /Users/riley/opt/devkitpro/devkitPPC/bin/../lib/gcc/powerpc-eabi/6.3.0/crtbegin.o
 .rela.text.GX_SetDither
                0x0000000080004194        0x0 /Users/riley/opt/devkitpro/devkitPPC/bin/../lib/gcc/powerpc-eabi/6.3.0/crtbegin.o
 .rela.text.GX_SetDstAlpha
                0x0000000080004194        0x0 /Users/riley/opt/devkitpro/devkitPPC/bin/../lib/gcc/powerpc-eabi/6.3.0/crtbegin.o
 .rela.text.GX_SetFieldMode
                0x0000000080004194        0x0 /Users/riley/opt/devkitpro/devkitPPC/bin/../lib/gcc/powerpc-eabi/6.3.0/crtbegin.o
 .rela.text.GX_SetIndTexOrder
                0x0000000080004194        0x0 /Users/riley/opt/devkitpro/devkitPPC/bin/../lib/gcc/powerpc-eabi/6.3.0/crtbegin.o
 .rela.text.GX_SetGPMetric
                0x0000000080004194        0x0 /Users/riley/opt/devkitpro/devkitPPC/bin/../lib/gcc/powerpc-eabi/6.3.0/crtbegin.o
 .rela.text.GX_Init
                0x0000000080004194        0x0 /Users/riley/opt/devkitpro/devkitPPC/bin/../lib/gcc/powerpc-eabi/6.3.0/crtbegin.o
 .rela.text.GX_ReadGPMetric
                0x0000000080004194        0x0 /Users/riley/opt/devkitpro/devkitPPC/bin/../lib/gcc/powerpc-eabi/6.3.0/crtbegin.o
 .rela.text.kprintf
                0x0000000080004194        0x0 /Users/riley/opt/devkitpro/devkitPPC/bin/../lib/gcc/powerpc-eabi/6.3.0/crtbegin.o
 .rela.text.sinef
                0x0000000080004194        0x0 /Users/riley/opt/devkitpro/devkitPPC/bin/../lib/gcc/powerpc-eabi/6.3.0/crtbegin.o
 .rela.text.sqrtf
                0x0000000080004194        0x0 /Users/riley/opt/devkitpro/devkitPPC/bin/../lib/gcc/powerpc-eabi/6.3.0/crtbegin.o
 .rela.text.WIILIGHT_GetLevel
                0x0000000080004194        0x0 /Users/riley/opt/devkitpro/devkitPPC/bin/../lib/gcc/powerpc-eabi/6.3.0/crtbegin.o
 .rela.text.WIILIGHT_SetLevel
                0x0000000080004194        0x0 /Users/riley/opt/devkitpro/devkitPPC/bin/../lib/gcc/powerpc-eabi/6.3.0/crtbegin.o
 .rela.text.WIILIGHT_Init
                0x0000000080004194        0x0 /Users/riley/opt/devkitpro/devkitPPC/bin/../lib/gcc/powerpc-eabi/6.3.0/crtbegin.o
 .rela.text.WIILIGHT_TurnOff
                0x0000000080004194        0x0 /Users/riley/opt/devkitpro/devkitPPC/bin/../lib/gcc/powerpc-eabi/6.3.0/crtbegin.o
 .rela.text.WIILIGHT_TurnOn
                0x0000000080004194        0x0 /Users/riley/opt/devkitpro/devkitPPC/bin/../lib/gcc/powerpc-eabi/6.3.0/crtbegin.o
 .rela.text.WIILIGHT_Toggle
                0x0000000080004194        0x0 /Users/riley/opt/devkitpro/devkitPPC/bin/../lib/gcc/powerpc-eabi/6.3.0/crtbegin.o
 .rela.text._wiilight_loop
                0x0000000080004194        0x0 /Users/riley/opt/devkitpro/devkitPPC/bin/../lib/gcc/powerpc-eabi/6.3.0/crtbegin.o
 .rela.text._exit
                0x0000000080004194        0x0 /Users/riley/opt/devkitpro/devkitPPC/bin/../lib/gcc/powerpc-eabi/6.3.0/crtbegin.o
 .rela.text.calloc
                0x0000000080004194        0x0 /Users/riley/opt/devkitpro/devkitPPC/bin/../lib/gcc/powerpc-eabi/6.3.0/crtbegin.o
 .rela.text.__errno
                0x0000000080004194        0x0 /Users/riley/opt/devkitpro/devkitPPC/bin/../lib/gcc/powerpc-eabi/6.3.0/crtbegin.o
 .rela.text.exit
                0x0000000080004194        0x0 /Users/riley/opt/devkitpro/devkitPPC/bin/../lib/gcc/powerpc-eabi/6.3.0/crtbegin.o
 .rela.text._malloc_trim_r
                0x0000000080004194        0x0 /Users/riley/opt/devkitpro/devkitPPC/bin/../lib/gcc/powerpc-eabi/6.3.0/crtbegin.o
 .rela.text._free_r
                0x0000000080004194        0x0 /Users/riley/opt/devkitpro/devkitPPC/bin/../lib/gcc/powerpc-eabi/6.3.0/crtbegin.o
 .rela.text.__loadlocale
                0x0000000080004194        0x0 /Users/riley/opt/devkitpro/devkitPPC/bin/../lib/gcc/powerpc-eabi/6.3.0/crtbegin.o
 .rela.text._dtoa_r
                0x0000000080004194        0x0 /Users/riley/opt/devkitpro/devkitPPC/bin/../lib/gcc/powerpc-eabi/6.3.0/crtbegin.o
 .rela.text._cleanup_r
                0x0000000080004194        0x0 /Users/riley/opt/devkitpro/devkitPPC/bin/../lib/gcc/powerpc-eabi/6.3.0/crtbegin.o
 .rela.text.std.isra.0
                0x0000000080004194        0x0 /Users/riley/opt/devkitpro/devkitPPC/bin/../lib/gcc/powerpc-eabi/6.3.0/crtbegin.o
 .rela.text._cleanup
                0x0000000080004194        0x0 /Users/riley/opt/devkitpro/devkitPPC/bin/../lib/gcc/powerpc-eabi/6.3.0/crtbegin.o
 .rela.text._findenv_r
                0x0000000080004194        0x0 /Users/riley/opt/devkitpro/devkitPPC/bin/../lib/gcc/powerpc-eabi/6.3.0/crtbegin.o

.rel.fini
 *(.rel.fini)

.rela.fini
 *(.rela.fini)

.rel.rodata
 *(.rel.rodata .rel.rodata.* .rel.gnu.linkonce.r.*)

.rela.rodata    0x0000000080004194        0x0
 *(.rela.rodata .rela.rodata.* .rela.gnu.linkonce.r.*)
 .rela.rodata.__C_locale
                0x0000000080004194        0x0 /Users/riley/opt/devkitpro/devkitPPC/bin/../lib/gcc/powerpc-eabi/6.3.0/crtbegin.o

.rel.data
 *(.rel.data .rel.data.* .rel.gnu.linkonce.d.*)

.rela.data      0x0000000080004194        0x0
 *(.rela.data .rela.data.* .rela.gnu.linkonce.d.*)
 .rela.data.__global_locale
                0x0000000080004194        0x0 /Users/riley/opt/devkitpro/devkitPPC/bin/../lib/gcc/powerpc-eabi/6.3.0/crtbegin.o

.rel.tdata
 *(.rel.tdata .rel.tdata.* .rel.gnu.linkonce.td.*)

.rela.tdata
 *(.rela.tdata .rela.tdata.* .rela.gnu.linkonce.td.*)

.rel.tbss
 *(.rel.tbss .rel.tbss.* .rel.gnu.linkonce.tb.*)

.rela.tbss
 *(.rela.tbss .rela.tbss.* .rela.gnu.linkonce.tb.*)

.rel.ctors
 *(.rel.ctors)

.rela.ctors
 *(.rela.ctors)

.rel.dtors
 *(.rel.dtors)

.rela.dtors
 *(.rela.dtors)

.rel.got
 *(.rel.got)

.rela.got
 *(.rela.got)

.rela.got1
 *(.rela.got1)

.rela.got2      0x0000000080004194        0x0
 *(.rela.got2)
 .rela.got2     0x0000000080004194        0x0 /Users/riley/opt/devkitpro/devkitPPC/bin/../lib/gcc/powerpc-eabi/6.3.0/crtbegin.o

.rel.sdata
 *(.rel.sdata .rel.sdata.* .rel.gnu.linkonce.s.*)

.rela.sdata
 *(.rela.sdata .rela.sdata.* .rela.gnu.linkonce.s.*)

.rel.sbss
 *(.rel.sbss .rel.sbss.* .rel.gnu.linkonce.sb.*)

.rela.sbss
 *(.rela.sbss .rela.sbss.* .rel.gnu.linkonce.sb.*)

.rel.sdata2
 *(.rel.sdata2 .rel.sdata2.* .rel.gnu.linkonce.s2.*)

.rela.sdata2    0x0000000080004194        0x0
 *(.rela.sdata2 .rela.sdata2.* .rela.gnu.linkonce.s2.*)
 .rela.sdata2.__sys_inIPL
                0x0000000080004194        0x0 /Users/riley/opt/devkitpro/devkitPPC/bin/../lib/gcc/powerpc-eabi/6.3.0/crtbegin.o

.rel.sbss2
 *(.rel.sbss2 .rel.sbss2.* .rel.gnu.linkonce.sb2.*)

.rela.sbss2
 *(.rela.sbss2 .rela.sbss2.* .rela.gnu.linkonce.sb2.*)

.rel.bss
 *(.rel.bss .rel.bss.* .rel.gnu.linkonce.b.*)

.rela.bss
 *(.rela.bss .rela.bss.* .rela.gnu.linkonce.b.*)

.rel.plt
 *(.rel.plt)

.rela.plt
 *(.rela.plt)

.text           0x00000000800041a0    0x1f8c0
 *(.text)
 .text          0x00000000800041a0      0x44c /Users/riley/opt/devkitpro/libogc/lib/wii/libogc.a(lwp_handler.o)
                0x00000000800041a0                _cpu_context_save_fp
                0x00000000800042e0                _cpu_context_restore_fp
                0x0000000080004420                _cpu_context_switch
                0x0000000080004500                _cpu_context_save
                0x0000000080004580                _cpu_context_restore
 .text          0x00000000800045ec      0x1ac /Users/riley/opt/devkitpro/libogc/lib/wii/libogc.a(irq_handler.o)
                0x00000000800045ec                irq_exceptionhandler
 .text          0x0000000080004798      0x4f4 /Users/riley/opt/devkitpro/libogc/lib/wii/libogc.a(cache_asm.o)
                0x0000000080004798                DCFlashInvalidate
                0x00000000800047ac                DCEnable
                0x00000000800047c0                DCDisable
                0x00000000800047d4                DCFreeze
                0x00000000800047e8                DCUnfreeze
                0x00000000800047fc                DCTouchLoad
                0x0000000080004804                DCBlockZero
                0x000000008000480c                DCBlockStore
                0x0000000080004814                DCBlockFlush
                0x000000008000481c                DCBlockInvalidate
                0x0000000080004824                DCInvalidateRange
                0x0000000080004854                DCFlushRange
                0x0000000080004888                DCStoreRange
                0x00000000800048bc                DCFlushRangeNoSync
                0x00000000800048ec                DCStoreRangeNoSync
                0x000000008000491c                DCZeroRange
                0x000000008000494c                DCTouchRange
                0x000000008000497c                ICInvalidateRange
                0x00000000800049b4                ICFlashInvalidate
                0x00000000800049c8                ICEnable
                0x00000000800049dc                ICDisable
                0x00000000800049f0                ICFreeze
                0x0000000080004a04                ICUnfreeze
                0x0000000080004a18                ICBlockInvalidate
                0x0000000080004a20                ICSync
                0x0000000080004a28                L2Init
                0x0000000080004a70                L2Enable
                0x0000000080004a8c                L2Disable
                0x0000000080004aa4                L2GlobalInvalidate
                0x0000000080004afc                __LCEnable
                0x0000000080004bc8                LCDisable
                0x0000000080004bf0                LCAllocOneTag
                0x0000000080004c04                LCAllocTags
                0x0000000080004c44                LCLoadBlocks
                0x0000000080004c68                LCStoreBlocks
 .text          0x0000000080004c8c      0x4a0 /Users/riley/opt/devkitpro/libogc/lib/wii/libogc.a(system_asm.o)
                0x0000000080004c8c                __realmode
                0x0000000080004ca4                __configBATS
                0x0000000080004dd4                __InitFPRS
                0x0000000080004f00                __InitPS
                0x0000000080004f5c                __InitCache
                0x0000000080004fb4                __InitSystem
                0x000000008000503c                __flush_cache
                0x0000000080005070                __reset
                0x00000000800050e0                __InitBATS
                0x00000000800050fc                SYS_SwitchFiber
 .text          0x000000008000512c      0x1ac /Users/riley/opt/devkitpro/libogc/lib/wii/libogc.a(decrementer_handler.o)
                0x000000008000512c                dec_exceptionhandler
 .text          0x00000000800052d8      0x35c /Users/riley/opt/devkitpro/libogc/lib/wii/libogc.a(exception_handler.o)
                0x00000000800052d8                exceptionhandler_start
                0x0000000080005354                exceptionhandler_patch
                0x0000000080005388                exceptionhandler_end
                0x000000008000538c                default_exceptionhandler
                0x00000000800054bc                fpu_exceptionhandler
                0x0000000080005604                systemcallhandler_start
                0x0000000080005630                systemcallhandler_end
 .text          0x0000000080005634       0x48 /Users/riley/opt/devkitpro/devkitPPC/bin/../lib/gcc/powerpc-eabi/6.3.0/libgcc.a(eabi.o)
                0x0000000080005634                __eabi
 *(.text.*)
 .text.deregister_tm_clones
                0x000000008000567c       0x38 /Users/riley/opt/devkitpro/devkitPPC/bin/../lib/gcc/powerpc-eabi/6.3.0/crtbegin.o
 .text.register_tm_clones
                0x00000000800056b4       0x3c /Users/riley/opt/devkitpro/devkitPPC/bin/../lib/gcc/powerpc-eabi/6.3.0/crtbegin.o
 .text.__do_global_dtors_aux
                0x00000000800056f0       0xd4 /Users/riley/opt/devkitpro/devkitPPC/bin/../lib/gcc/powerpc-eabi/6.3.0/crtbegin.o
 .text.frame_dummy
                0x00000000800057c4       0x74 /Users/riley/opt/devkitpro/devkitPPC/bin/../lib/gcc/powerpc-eabi/6.3.0/crtbegin.o
 .text.__crtmain
                0x0000000080005838       0x44 /Users/riley/opt/devkitpro/devkitPPC/bin/../lib/gcc/powerpc-eabi/6.3.0/../../../../powerpc-eabi/lib/crtmain.o
                0x000000008000583c                __crtmain
 .text.startup.main
                0x000000008000587c      0x290 template.o
                0x000000008000587c                main
 .text.__console_clear_line
                0x0000000080005b0c       0x84 /Users/riley/opt/devkitpro/libogc/lib/wii/libogc.a(console.o)
 .text.__console_clear
                0x0000000080005b90       0x54 /Users/riley/opt/devkitpro/libogc/lib/wii/libogc.a(console.o)
 .text.__console_write
                0x0000000080005be4      0x724 /Users/riley/opt/devkitpro/libogc/lib/wii/libogc.a(console.o)
                0x0000000080005be4                __console_write
 .text.__console_init
                0x0000000080006308      0x10c /Users/riley/opt/devkitpro/libogc/lib/wii/libogc.a(console.o)
                0x0000000080006308                __console_init
 .text.CON_Init
                0x0000000080006414        0x4 /Users/riley/opt/devkitpro/libogc/lib/wii/libogc.a(console.o)
                0x0000000080006414                CON_Init
 .text.CON_EnableGecko
                0x0000000080006418       0xe8 /Users/riley/opt/devkitpro/libogc/lib/wii/libogc.a(console.o)
                0x0000000080006418                CON_EnableGecko
 .text.__VISendI2CData.constprop.3
                0x0000000080006500      0x4a4 /Users/riley/opt/devkitpro/libogc/lib/wii/libogc.a(video.o)
 .text.__VIWriteI2CRegister16
                0x00000000800069a4       0x44 /Users/riley/opt/devkitpro/libogc/lib/wii/libogc.a(video.o)
 .text.__VIWriteI2CRegister8
                0x00000000800069e8       0x38 /Users/riley/opt/devkitpro/libogc/lib/wii/libogc.a(video.o)
 .text.__VISetYUVSEL
                0x0000000080006a20       0x68 /Users/riley/opt/devkitpro/libogc/lib/wii/libogc.a(video.o)
 .text.VIDEO_Configure
                0x0000000080006a88      0x7d8 /Users/riley/opt/devkitpro/libogc/lib/wii/libogc.a(video.o)
                0x0000000080006a88                VIDEO_Configure
 .text.VIDEO_WaitVSync
                0x0000000080007260       0x7c /Users/riley/opt/devkitpro/libogc/lib/wii/libogc.a(video.o)
                0x0000000080007260                VIDEO_WaitVSync
 .text.VIDEO_SetFramebuffer
                0x00000000800072dc      0x228 /Users/riley/opt/devkitpro/libogc/lib/wii/libogc.a(video.o)
                0x00000000800072dc                VIDEO_SetFramebuffer
 .text.VIDEO_SetNextFramebuffer
                0x0000000080007504      0x1d4 /Users/riley/opt/devkitpro/libogc/lib/wii/libogc.a(video.o)
                0x0000000080007504                VIDEO_SetNextFramebuffer
 .text.VIDEO_Flush
                0x00000000800076d8      0x110 /Users/riley/opt/devkitpro/libogc/lib/wii/libogc.a(video.o)
                0x00000000800076d8                VIDEO_Flush
 .text.VIDEO_SetBlack
                0x00000000800077e8      0x160 /Users/riley/opt/devkitpro/libogc/lib/wii/libogc.a(video.o)
                0x00000000800077e8                VIDEO_SetBlack
 .text.VIDEO_GetCurrentTvMode
                0x0000000080007948       0x80 /Users/riley/opt/devkitpro/libogc/lib/wii/libogc.a(video.o)
                0x0000000080007948                VIDEO_GetCurrentTvMode
 .text.__VIRetraceHandler
                0x00000000800079c8      0x2c0 /Users/riley/opt/devkitpro/libogc/lib/wii/libogc.a(video.o)
 .text.__VISetupEncoder
                0x0000000080007c88      0x208 /Users/riley/opt/devkitpro/libogc/lib/wii/libogc.a(video.o)
 .text.VIDEO_Init
                0x0000000080007e90      0x410 /Users/riley/opt/devkitpro/libogc/lib/wii/libogc.a(video.o)
                0x0000000080007e90                VIDEO_Init
 .text.VIDEO_GetPreferredMode
                0x00000000800082a0      0x108 /Users/riley/opt/devkitpro/libogc/lib/wii/libogc.a(video.o)
                0x00000000800082a0                VIDEO_GetPreferredMode
 .text.VIDEO_GetCurrentLine
                0x00000000800083a8       0xa4 /Users/riley/opt/devkitpro/libogc/lib/wii/libogc.a(video.o)
                0x00000000800083a8                VIDEO_GetCurrentLine
 .text.VIDEO_GetFrameBufferSize
                0x000000008000844c       0x30 /Users/riley/opt/devkitpro/libogc/lib/wii/libogc.a(video.o)
                0x000000008000844c                VIDEO_GetFrameBufferSize
 .text.SPEC0_MakeStatus
                0x000000008000847c      0x108 /Users/riley/opt/devkitpro/libogc/lib/wii/libogc.a(pad.o)
 .text.SPEC1_MakeStatus
                0x0000000080008584      0x108 /Users/riley/opt/devkitpro/libogc/lib/wii/libogc.a(pad.o)
 .text.SPEC2_MakeStatus
                0x000000008000868c      0x1bc /Users/riley/opt/devkitpro/libogc/lib/wii/libogc.a(pad.o)
 .text.__pad_samplinghandler
                0x0000000080008848        0x4 /Users/riley/opt/devkitpro/libogc/lib/wii/libogc.a(pad.o)
 .text.__pad_doreset
                0x000000008000884c       0x50 /Users/riley/opt/devkitpro/libogc/lib/wii/libogc.a(pad.o)
 .text.__pad_updateorigin
                0x000000008000889c       0xa4 /Users/riley/opt/devkitpro/libogc/lib/wii/libogc.a(pad.o)
 .text.__pad_disable
                0x0000000080008940       0xc4 /Users/riley/opt/devkitpro/libogc/lib/wii/libogc.a(pad.o)
 .text.__pad_enable
                0x0000000080008a04       0x5c /Users/riley/opt/devkitpro/libogc/lib/wii/libogc.a(pad.o)
 .text.__pad_typeandstatuscallback
                0x0000000080008a60      0x158 /Users/riley/opt/devkitpro/libogc/lib/wii/libogc.a(pad.o)
 .text.__pad_probecallback
                0x0000000080008bb8       0x48 /Users/riley/opt/devkitpro/libogc/lib/wii/libogc.a(pad.o)
 .text.__pad_origincallback
                0x0000000080008c00       0x38 /Users/riley/opt/devkitpro/libogc/lib/wii/libogc.a(pad.o)
 .text.__pad_originupdatecallback
                0x0000000080008c38       0x84 /Users/riley/opt/devkitpro/libogc/lib/wii/libogc.a(pad.o)
 .text.__pad_receivecheckcallback
                0x0000000080008cbc       0x88 /Users/riley/opt/devkitpro/libogc/lib/wii/libogc.a(pad.o)
 .text.PAD_SetSpec.part.3
                0x0000000080008d44       0x54 /Users/riley/opt/devkitpro/libogc/lib/wii/libogc.a(pad.o)
 .text.__pad_onreset
                0x0000000080008d98      0x100 /Users/riley/opt/devkitpro/libogc/lib/wii/libogc.a(pad.o)
 .text.__PADDisableRecalibration
                0x0000000080008e98       0x60 /Users/riley/opt/devkitpro/libogc/lib/wii/libogc.a(pad.o)
                0x0000000080008e98                __PADDisableRecalibration
 .text.PAD_Reset
                0x0000000080008ef8      0x104 /Users/riley/opt/devkitpro/libogc/lib/wii/libogc.a(pad.o)
                0x0000000080008ef8                PAD_Reset
 .text.PAD_Read
                0x0000000080008ffc      0x2e8 /Users/riley/opt/devkitpro/libogc/lib/wii/libogc.a(pad.o)
                0x0000000080008ffc                PAD_Read
 .text.PAD_Init
                0x00000000800092e4       0xd4 /Users/riley/opt/devkitpro/libogc/lib/wii/libogc.a(pad.o)
                0x00000000800092e4                PAD_Init
 .text.PAD_ScanPads
                0x00000000800093b8      0x130 /Users/riley/opt/devkitpro/libogc/lib/wii/libogc.a(pad.o)
                0x00000000800093b8                PAD_ScanPads
 .text.PAD_ButtonsDown
                0x00000000800094e8       0x34 /Users/riley/opt/devkitpro/libogc/lib/wii/libogc.a(pad.o)
                0x00000000800094e8                PAD_ButtonsDown
 .text.PAD_ButtonsHeld
                0x000000008000951c       0x34 /Users/riley/opt/devkitpro/libogc/lib/wii/libogc.a(pad.o)
                0x000000008000951c                PAD_ButtonsHeld
 .text.__call_resetfuncs
                0x0000000080009550       0xbc /Users/riley/opt/devkitpro/libogc/lib/wii/libogc.a(system.o)
 .text.__MEMInterruptHandler
                0x000000008000960c       0x14 /Users/riley/opt/devkitpro/libogc/lib/wii/libogc.a(system.o)
 .text.__POWDefaultHandler
                0x0000000080009620        0x4 /Users/riley/opt/devkitpro/libogc/lib/wii/libogc.a(system.o)
 .text.__sram_write
                0x0000000080009624      0x114 /Users/riley/opt/devkitpro/libogc/lib/wii/libogc.a(system.o)
 .text.__unlocksram
                0x0000000080009738      0x150 /Users/riley/opt/devkitpro/libogc/lib/wii/libogc.a(system.o)
 .text.__sram_writecallback
                0x0000000080009888       0x54 /Users/riley/opt/devkitpro/libogc/lib/wii/libogc.a(system.o)
 .text.__mem_onreset
                0x00000000800098dc       0x48 /Users/riley/opt/devkitpro/libogc/lib/wii/libogc.a(system.o)
 .text.__sys_alarmhandler
                0x0000000080009924       0xec /Users/riley/opt/devkitpro/libogc/lib/wii/libogc.a(system.o)
 .text.__STMEventHandler
                0x0000000080009a10       0xec /Users/riley/opt/devkitpro/libogc/lib/wii/libogc.a(system.o)
 .text.__sram_read.constprop.10
                0x0000000080009afc      0x124 /Users/riley/opt/devkitpro/libogc/lib/wii/libogc.a(system.o)
 .text.__RSWDefaultHandler
                0x0000000080009c20        0x4 /Users/riley/opt/devkitpro/libogc/lib/wii/libogc.a(system.o)
 .text.__SYS_GetIPCBufferLo
                0x0000000080009c24        0x8 /Users/riley/opt/devkitpro/libogc/lib/wii/libogc.a(system.o)
                0x0000000080009c24                __SYS_GetIPCBufferLo
 .text.__SYS_GetIPCBufferHi
                0x0000000080009c2c        0x8 /Users/riley/opt/devkitpro/libogc/lib/wii/libogc.a(system.o)
                0x0000000080009c2c                __SYS_GetIPCBufferHi
 .text.__SYS_PreInit
                0x0000000080009c34        0x4 /Users/riley/opt/devkitpro/libogc/lib/wii/libogc.a(system.o)
                0x0000000080009c34                __SYS_PreInit
 .text.SYS_PreMain
                0x0000000080009c38       0x54 /Users/riley/opt/devkitpro/libogc/lib/wii/libogc.a(system.o)
                0x0000000080009c38                SYS_PreMain
 .text.SYS_ResetButtonDown
                0x0000000080009c8c       0x18 /Users/riley/opt/devkitpro/libogc/lib/wii/libogc.a(system.o)
                0x0000000080009c8c                SYS_ResetButtonDown
 .text.SYS_ResetSystem
                0x0000000080009ca4      0x20c /Users/riley/opt/devkitpro/libogc/lib/wii/libogc.a(system.o)
                0x0000000080009ca4                SYS_ResetSystem
 .text.__reload
                0x0000000080009eb0       0x80 /Users/riley/opt/devkitpro/libogc/lib/wii/libogc.a(system.o)
                0x0000000080009eb0                __reload
 .text.__libogc_exit
                0x0000000080009f30       0x88 /Users/riley/opt/devkitpro/libogc/lib/wii/libogc.a(system.o)
                0x0000000080009f30                __libogc_exit
 .text.SYS_RegisterResetFunc
                0x0000000080009fb8       0x80 /Users/riley/opt/devkitpro/libogc/lib/wii/libogc.a(system.o)
                0x0000000080009fb8                SYS_RegisterResetFunc
 .text.SYS_Init
                0x000000008000a038      0x6a8 /Users/riley/opt/devkitpro/libogc/lib/wii/libogc.a(system.o)
                0x000000008000a038                SYS_Init
 .text.SYS_SetArena1Lo
                0x000000008000a6e0       0x3c /Users/riley/opt/devkitpro/libogc/lib/wii/libogc.a(system.o)
                0x000000008000a6e0                SYS_SetArena1Lo
 .text.SYS_GetArena1Lo
                0x000000008000a71c       0x3c /Users/riley/opt/devkitpro/libogc/lib/wii/libogc.a(system.o)
                0x000000008000a71c                SYS_GetArena1Lo
 .text.SYS_GetArena1Hi
                0x000000008000a758       0x3c /Users/riley/opt/devkitpro/libogc/lib/wii/libogc.a(system.o)
                0x000000008000a758                SYS_GetArena1Hi
 .text.SYS_SetArena2Lo
                0x000000008000a794       0x3c /Users/riley/opt/devkitpro/libogc/lib/wii/libogc.a(system.o)
                0x000000008000a794                SYS_SetArena2Lo
 .text.SYS_GetArena2Lo
                0x000000008000a7d0       0x3c /Users/riley/opt/devkitpro/libogc/lib/wii/libogc.a(system.o)
                0x000000008000a7d0                SYS_GetArena2Lo
 .text.SYS_GetArena2Hi
                0x000000008000a80c       0x3c /Users/riley/opt/devkitpro/libogc/lib/wii/libogc.a(system.o)
                0x000000008000a80c                SYS_GetArena2Hi
 .text.SYS_AllocateFramebuffer
                0x000000008000a848       0x28 /Users/riley/opt/devkitpro/libogc/lib/wii/libogc.a(system.o)
                0x000000008000a848                SYS_AllocateFramebuffer
 .text.SYS_CreateAlarm
                0x000000008000a870      0x10c /Users/riley/opt/devkitpro/libogc/lib/wii/libogc.a(system.o)
                0x000000008000a870                SYS_CreateAlarm
 .text.SYS_SetAlarm
                0x000000008000a97c      0x194 /Users/riley/opt/devkitpro/libogc/lib/wii/libogc.a(system.o)
                0x000000008000a97c                SYS_SetAlarm
 .text.SYS_CancelAlarm
                0x000000008000ab10       0xc0 /Users/riley/opt/devkitpro/libogc/lib/wii/libogc.a(system.o)
                0x000000008000ab10                SYS_CancelAlarm
 .text.SYS_SetWirelessID
                0x000000008000abd0       0x90 /Users/riley/opt/devkitpro/libogc/lib/wii/libogc.a(system.o)
                0x000000008000abd0                SYS_SetWirelessID
 .text.SYS_GetWirelessID
                0x000000008000ac60       0xa4 /Users/riley/opt/devkitpro/libogc/lib/wii/libogc.a(system.o)
                0x000000008000ac60                SYS_GetWirelessID
 .text.SYS_GetHollywoodRevision
                0x000000008000ad04       0x3c /Users/riley/opt/devkitpro/libogc/lib/wii/libogc.a(system.o)
                0x000000008000ad04                SYS_GetHollywoodRevision
 .text.__lwp_cond_init
                0x000000008000ad40       0x14 /Users/riley/opt/devkitpro/libogc/lib/wii/libogc.a(cond.o)
                0x000000008000ad40                __lwp_cond_init
 .text.__decrementer_init
                0x000000008000ad54        0x4 /Users/riley/opt/devkitpro/libogc/lib/wii/libogc.a(decrementer.o)
                0x000000008000ad54                __decrementer_init
 .text.c_decrementer_handler
                0x000000008000ad58        0xc /Users/riley/opt/devkitpro/libogc/lib/wii/libogc.a(decrementer.o)
                0x000000008000ad58                c_decrementer_handler
 .text.__lwp_mqbox_init
                0x000000008000ad64       0x14 /Users/riley/opt/devkitpro/libogc/lib/wii/libogc.a(message.o)
                0x000000008000ad64                __lwp_mqbox_init
 .text.__si_transfer
                0x000000008000ad78      0x180 /Users/riley/opt/devkitpro/libogc/lib/wii/libogc.a(si.o)
 .text.__si_alarmhandler
                0x000000008000aef8       0xb4 /Users/riley/opt/devkitpro/libogc/lib/wii/libogc.a(si.o)
 .text.__si_completetransfer
                0x000000008000afac      0x1b8 /Users/riley/opt/devkitpro/libogc/lib/wii/libogc.a(si.o)
 .text.__si_transfernext
                0x000000008000b164       0xe4 /Users/riley/opt/devkitpro/libogc/lib/wii/libogc.a(si.o)
 .text.SI_Busy  0x000000008000b248       0x18 /Users/riley/opt/devkitpro/libogc/lib/wii/libogc.a(si.o)
                0x000000008000b248                SI_Busy
 .text.SI_IsChanBusy
                0x000000008000b260       0x38 /Users/riley/opt/devkitpro/libogc/lib/wii/libogc.a(si.o)
                0x000000008000b260                SI_IsChanBusy
 .text.SI_SetXY
                0x000000008000b298       0x68 /Users/riley/opt/devkitpro/libogc/lib/wii/libogc.a(si.o)
                0x000000008000b298                SI_SetXY
 .text.SI_EnablePolling
                0x000000008000b300       0x7c /Users/riley/opt/devkitpro/libogc/lib/wii/libogc.a(si.o)
                0x000000008000b300                SI_EnablePolling
 .text.SI_DisablePolling
                0x000000008000b37c       0x5c /Users/riley/opt/devkitpro/libogc/lib/wii/libogc.a(si.o)
                0x000000008000b37c                SI_DisablePolling
 .text.SI_SetSamplingRate
                0x000000008000b3d8       0xe8 /Users/riley/opt/devkitpro/libogc/lib/wii/libogc.a(si.o)
                0x000000008000b3d8                SI_SetSamplingRate
 .text.SI_RefreshSamplingRate
                0x000000008000b4c0        0x8 /Users/riley/opt/devkitpro/libogc/lib/wii/libogc.a(si.o)
                0x000000008000b4c0                SI_RefreshSamplingRate
 .text.SI_GetStatus
                0x000000008000b4c8       0x80 /Users/riley/opt/devkitpro/libogc/lib/wii/libogc.a(si.o)
                0x000000008000b4c8                SI_GetStatus
 .text.SI_GetResponseRaw
                0x000000008000b548       0x98 /Users/riley/opt/devkitpro/libogc/lib/wii/libogc.a(si.o)
                0x000000008000b548                SI_GetResponseRaw
 .text.SI_GetResponse
                0x000000008000b5e0       0xbc /Users/riley/opt/devkitpro/libogc/lib/wii/libogc.a(si.o)
                0x000000008000b5e0                SI_GetResponse
 .text.SI_SetCommand
                0x000000008000b69c       0x10 /Users/riley/opt/devkitpro/libogc/lib/wii/libogc.a(si.o)
                0x000000008000b69c                SI_SetCommand
 .text.SI_Transfer
                0x000000008000b6ac      0x244 /Users/riley/opt/devkitpro/libogc/lib/wii/libogc.a(si.o)
                0x000000008000b6ac                SI_Transfer
 .text.__si_gettypecallback
                0x000000008000b8f0      0x2b8 /Users/riley/opt/devkitpro/libogc/lib/wii/libogc.a(si.o)
 .text.__si_interrupthandler
                0x000000008000bba8      0x248 /Users/riley/opt/devkitpro/libogc/lib/wii/libogc.a(si.o)
 .text.SI_GetType
                0x000000008000bdf0      0x1dc /Users/riley/opt/devkitpro/libogc/lib/wii/libogc.a(si.o)
                0x000000008000bdf0                SI_GetType
 .text.SI_GetTypeAsync
                0x000000008000bfcc      0x140 /Users/riley/opt/devkitpro/libogc/lib/wii/libogc.a(si.o)
                0x000000008000bfcc                SI_GetTypeAsync
 .text.SI_EnablePollingInterrupt
                0x000000008000c10c       0xb0 /Users/riley/opt/devkitpro/libogc/lib/wii/libogc.a(si.o)
                0x000000008000c10c                SI_EnablePollingInterrupt
 .text.SI_UnregisterPollingHandler
                0x000000008000c1bc       0xec /Users/riley/opt/devkitpro/libogc/lib/wii/libogc.a(si.o)
                0x000000008000c1bc                SI_UnregisterPollingHandler
 .text.__si_init
                0x000000008000c2a8       0xf8 /Users/riley/opt/devkitpro/libogc/lib/wii/libogc.a(si.o)
                0x000000008000c2a8                __si_init
 .text.__ipc_sendrequest
                0x000000008000c3a0       0xf4 /Users/riley/opt/devkitpro/libogc/lib/wii/libogc.a(ipc.o)
 .text.__ipc_syncrequest
                0x000000008000c494       0xe4 /Users/riley/opt/devkitpro/libogc/lib/wii/libogc.a(ipc.o)
 .text.iosFree.part.0
                0x000000008000c578       0x20 /Users/riley/opt/devkitpro/libogc/lib/wii/libogc.a(ipc.o)
 .text.__ipc_interrupthandler
                0x000000008000c598      0x2f0 /Users/riley/opt/devkitpro/libogc/lib/wii/libogc.a(ipc.o)
 .text.__ios_ioctlvformat_parse
                0x000000008000c888      0x7ac /Users/riley/opt/devkitpro/libogc/lib/wii/libogc.a(ipc.o)
 .text.__ioctlvfmtCB
                0x000000008000d034      0x130 /Users/riley/opt/devkitpro/libogc/lib/wii/libogc.a(ipc.o)
 .text.__ipc_asyncrequest
                0x000000008000d164      0x130 /Users/riley/opt/devkitpro/libogc/lib/wii/libogc.a(ipc.o)
 .text.__IPC_Init.part.2
                0x000000008000d294       0x3c /Users/riley/opt/devkitpro/libogc/lib/wii/libogc.a(ipc.o)
 .text.iosCreateHeap
                0x000000008000d2d0      0x144 /Users/riley/opt/devkitpro/libogc/lib/wii/libogc.a(ipc.o)
                0x000000008000d2d0                iosCreateHeap
 .text.__IPC_ClntInit
                0x000000008000d414       0xa4 /Users/riley/opt/devkitpro/libogc/lib/wii/libogc.a(ipc.o)
                0x000000008000d414                __IPC_ClntInit
 .text.IOS_Open
                0x000000008000d4b8       0xf8 /Users/riley/opt/devkitpro/libogc/lib/wii/libogc.a(ipc.o)
                0x000000008000d4b8                IOS_Open
 .text.IOS_Close
                0x000000008000d5b0       0xb8 /Users/riley/opt/devkitpro/libogc/lib/wii/libogc.a(ipc.o)
                0x000000008000d5b0                IOS_Close
 .text.IOS_Read
                0x000000008000d668       0xf4 /Users/riley/opt/devkitpro/libogc/lib/wii/libogc.a(ipc.o)
                0x000000008000d668                IOS_Read
 .text.IOS_Write
                0x000000008000d75c       0xf4 /Users/riley/opt/devkitpro/libogc/lib/wii/libogc.a(ipc.o)
                0x000000008000d75c                IOS_Write
 .text.IOS_Ioctl
                0x000000008000d850      0x140 /Users/riley/opt/devkitpro/libogc/lib/wii/libogc.a(ipc.o)
                0x000000008000d850                IOS_Ioctl
 .text.IOS_IoctlAsync
                0x000000008000d990      0x148 /Users/riley/opt/devkitpro/libogc/lib/wii/libogc.a(ipc.o)
                0x000000008000d990                IOS_IoctlAsync
 .text.IOS_Ioctlv
                0x000000008000dad8      0x1d4 /Users/riley/opt/devkitpro/libogc/lib/wii/libogc.a(ipc.o)
                0x000000008000dad8                IOS_Ioctlv
 .text.IOS_IoctlvFormat
                0x000000008000dcac      0x170 /Users/riley/opt/devkitpro/libogc/lib/wii/libogc.a(ipc.o)
                0x000000008000dcac                IOS_IoctlvFormat
 .text.IOS_IoctlvReboot
                0x000000008000de1c      0x1d8 /Users/riley/opt/devkitpro/libogc/lib/wii/libogc.a(ipc.o)
                0x000000008000de1c                IOS_IoctlvReboot
 .text.__time_exi_unlock
                0x000000008000dff4       0x28 /Users/riley/opt/devkitpro/libogc/lib/wii/libogc.a(timesupp.o)
 .text.__getrtc
                0x000000008000e01c      0x110 /Users/riley/opt/devkitpro/libogc/lib/wii/libogc.a(timesupp.o)
 .text.gettick  0x000000008000e12c        0x8 /Users/riley/opt/devkitpro/libogc/lib/wii/libogc.a(timesupp.o)
                0x000000008000e12c                gettick
 .text.gettime  0x000000008000e134       0x18 /Users/riley/opt/devkitpro/libogc/lib/wii/libogc.a(timesupp.o)
                0x000000008000e134                gettime
 .text.diff_usec
                0x000000008000e14c       0x94 /Users/riley/opt/devkitpro/libogc/lib/wii/libogc.a(timesupp.o)
                0x000000008000e14c                diff_usec
 .text.__timesystem_init
                0x000000008000e1e0       0x1c /Users/riley/opt/devkitpro/libogc/lib/wii/libogc.a(timesupp.o)
                0x000000008000e1e0                __timesystem_init
 .text.udelay   0x000000008000e1fc       0xb4 /Users/riley/opt/devkitpro/libogc/lib/wii/libogc.a(timesupp.o)
                0x000000008000e1fc                udelay
 .text.nanosleep
                0x000000008000e2b0      0x110 /Users/riley/opt/devkitpro/libogc/lib/wii/libogc.a(timesupp.o)
                0x000000008000e2b0                nanosleep
 .text.time     0x000000008000e3c0      0x114 /Users/riley/opt/devkitpro/libogc/lib/wii/libogc.a(timesupp.o)
                0x000000008000e3c0                time
 .text.usleep   0x000000008000e4d4       0x54 /Users/riley/opt/devkitpro/libogc/lib/wii/libogc.a(timesupp.o)
                0x000000008000e4d4                usleep
 .text.__libogc_gettod_r
                0x000000008000e528       0x88 /Users/riley/opt/devkitpro/libogc/lib/wii/libogc.a(timesupp.o)
                0x000000008000e528                __libogc_gettod_r
 .text.__libogc_lock_init
                0x000000008000e5b0       0x64 /Users/riley/opt/devkitpro/libogc/lib/wii/libogc.a(lock_supp.o)
                0x000000008000e5b0                __libogc_lock_init
 .text.__libogc_lock_close
                0x000000008000e614       0x50 /Users/riley/opt/devkitpro/libogc/lib/wii/libogc.a(lock_supp.o)
                0x000000008000e614                __libogc_lock_close
 .text.__libogc_lock_acquire
                0x000000008000e664       0x20 /Users/riley/opt/devkitpro/libogc/lib/wii/libogc.a(lock_supp.o)
                0x000000008000e664                __libogc_lock_acquire
 .text.__libogc_lock_release
                0x000000008000e684       0x20 /Users/riley/opt/devkitpro/libogc/lib/wii/libogc.a(lock_supp.o)
                0x000000008000e684                __libogc_lock_release
 .text.__libc_create_hook
                0x000000008000e6a4       0x10 /Users/riley/opt/devkitpro/libogc/lib/wii/libogc.a(newlibc.o)
                0x000000008000e6a4                __libc_create_hook
 .text.__libc_start_hook
                0x000000008000e6b4       0xa8 /Users/riley/opt/devkitpro/libogc/lib/wii/libogc.a(newlibc.o)
                0x000000008000e6b4                __libc_start_hook
 .text.__libc_delete_hook
                0x000000008000e75c      0x124 /Users/riley/opt/devkitpro/libogc/lib/wii/libogc.a(newlibc.o)
                0x000000008000e75c                __libc_delete_hook
 .text.__libc_init
                0x000000008000e880       0xc0 /Users/riley/opt/devkitpro/libogc/lib/wii/libogc.a(newlibc.o)
                0x000000008000e880                __libc_init
 .text.__usbgecko_exi_unlock
                0x000000008000e940       0x30 /Users/riley/opt/devkitpro/libogc/lib/wii/libogc.a(usbgecko.o)
 .text.__usb_sendbyte
                0x000000008000e970       0xdc /Users/riley/opt/devkitpro/libogc/lib/wii/libogc.a(usbgecko.o)
 .text.__usb_checksend
                0x000000008000ea4c       0xd4 /Users/riley/opt/devkitpro/libogc/lib/wii/libogc.a(usbgecko.o)
                0x000000008000ea4c                __usb_checksend
 .text.usb_isgeckoalive
                0x000000008000eb20      0x1e0 /Users/riley/opt/devkitpro/libogc/lib/wii/libogc.a(usbgecko.o)
                0x000000008000eb20                usb_isgeckoalive
 .text.usb_sendbuffer_ex
                0x000000008000ed00      0x194 /Users/riley/opt/devkitpro/libogc/lib/wii/libogc.a(usbgecko.o)
                0x000000008000ed00                usb_sendbuffer_ex
 .text.usb_sendbuffer
                0x000000008000ee94        0x8 /Users/riley/opt/devkitpro/libogc/lib/wii/libogc.a(usbgecko.o)
                0x000000008000ee94                usb_sendbuffer
 .text.usb_sendbuffer_safe_ex
                0x000000008000ee9c      0x1a8 /Users/riley/opt/devkitpro/libogc/lib/wii/libogc.a(usbgecko.o)
                0x000000008000ee9c                usb_sendbuffer_safe_ex
 .text.usb_sendbuffer_safe
                0x000000008000f044        0x8 /Users/riley/opt/devkitpro/libogc/lib/wii/libogc.a(usbgecko.o)
                0x000000008000f044                usb_sendbuffer_safe
 .text.__libogc_sbrk_r
                0x000000008000f04c      0x1a4 /Users/riley/opt/devkitpro/libogc/lib/wii/libogc.a(sbrk.o)
                0x000000008000f04c                __libogc_sbrk_r
 .text.__memlock_init
                0x000000008000f1f0       0x7c /Users/riley/opt/devkitpro/libogc/lib/wii/libogc.a(malloc_lock.o)
                0x000000008000f1f0                __memlock_init
 .text.__libogc_malloc_lock
                0x000000008000f26c      0x1f8 /Users/riley/opt/devkitpro/libogc/lib/wii/libogc.a(malloc_lock.o)
                0x000000008000f26c                __libogc_malloc_lock
 .text.__libogc_malloc_unlock
                0x000000008000f464       0x64 /Users/riley/opt/devkitpro/libogc/lib/wii/libogc.a(malloc_lock.o)
                0x000000008000f464                __libogc_malloc_unlock
 .text.__STM_SetEventHook
                0x000000008000f4c8       0xf0 /Users/riley/opt/devkitpro/libogc/lib/wii/libogc.a(stm.o)
                0x000000008000f4c8                __STM_SetEventHook
 .text.__STM_Init
                0x000000008000f5b8       0x94 /Users/riley/opt/devkitpro/libogc/lib/wii/libogc.a(stm.o)
                0x000000008000f5b8                __STM_Init
 .text.__STMEventHandler
                0x000000008000f64c       0x60 /Users/riley/opt/devkitpro/libogc/lib/wii/libogc.a(stm.o)
 .text.__STM_ReleaseEventHook
                0x000000008000f6ac       0x80 /Users/riley/opt/devkitpro/libogc/lib/wii/libogc.a(stm.o)
                0x000000008000f6ac                __STM_ReleaseEventHook
 .text.__STM_Close
                0x000000008000f72c       0x84 /Users/riley/opt/devkitpro/libogc/lib/wii/libogc.a(stm.o)
                0x000000008000f72c                __STM_Close
 .text.STM_RegisterEventHandler
                0x000000008000f7b0       0x10 /Users/riley/opt/devkitpro/libogc/lib/wii/libogc.a(stm.o)
                0x000000008000f7b0                STM_RegisterEventHandler
 .text.STM_ShutdownToStandby
                0x000000008000f7c0       0x50 /Users/riley/opt/devkitpro/libogc/lib/wii/libogc.a(stm.o)
                0x000000008000f7c0                STM_ShutdownToStandby
 .text.STM_ShutdownToIdle
                0x000000008000f810       0x70 /Users/riley/opt/devkitpro/libogc/lib/wii/libogc.a(stm.o)
                0x000000008000f810                STM_ShutdownToIdle
 .text.STM_SetLedMode
                0x000000008000f880       0x40 /Users/riley/opt/devkitpro/libogc/lib/wii/libogc.a(stm.o)
                0x000000008000f880                STM_SetLedMode
 .text.STM_RebootSystem
                0x000000008000f8c0       0x50 /Users/riley/opt/devkitpro/libogc/lib/wii/libogc.a(stm.o)
                0x000000008000f8c0                STM_RebootSystem
 .text.__IOS_InitializeSubsystems
                0x000000008000f910       0x48 /Users/riley/opt/devkitpro/libogc/lib/wii/libogc.a(ios.o)
                0x000000008000f910                __IOS_InitializeSubsystems
 .text.__IOS_ShutdownSubsystems
                0x000000008000f958       0x48 /Users/riley/opt/devkitpro/libogc/lib/wii/libogc.a(ios.o)
                0x000000008000f958                __IOS_ShutdownSubsystems
 .text.__IOS_LoadStartupIOS
                0x000000008000f9a0        0x8 /Users/riley/opt/devkitpro/libogc/lib/wii/libogc.a(ios.o)
                0x000000008000f9a0                __IOS_LoadStartupIOS
 .text._ES_fillstat
                0x000000008000f9a8       0xf8 /Users/riley/opt/devkitpro/libogc/lib/wii/libogc.a(es.o)
 .text._ES_fstat_r
                0x000000008000faa0       0x8c /Users/riley/opt/devkitpro/libogc/lib/wii/libogc.a(es.o)
 .text.__ES_Close.part.0
                0x000000008000fb2c       0x44 /Users/riley/opt/devkitpro/libogc/lib/wii/libogc.a(es.o)
 .text.__ES_Init
                0x000000008000fb70       0x78 /Users/riley/opt/devkitpro/libogc/lib/wii/libogc.a(es.o)
                0x000000008000fb70                __ES_Init
 .text.__ES_Close
                0x000000008000fbe8       0x18 /Users/riley/opt/devkitpro/libogc/lib/wii/libogc.a(es.o)
                0x000000008000fbe8                __ES_Close
 .text.ES_GetTitleID
                0x000000008000fc00       0x80 /Users/riley/opt/devkitpro/libogc/lib/wii/libogc.a(es.o)
                0x000000008000fc00                ES_GetTitleID
 .text.ES_LaunchTitle
                0x000000008000fc80       0xbc /Users/riley/opt/devkitpro/libogc/lib/wii/libogc.a(es.o)
                0x000000008000fc80                ES_LaunchTitle
 .text.ES_GetNumTicketViews
                0x000000008000fd3c       0x84 /Users/riley/opt/devkitpro/libogc/lib/wii/libogc.a(es.o)
                0x000000008000fd3c                ES_GetNumTicketViews
 .text.ES_GetTicketViews
                0x000000008000fdc0       0x8c /Users/riley/opt/devkitpro/libogc/lib/wii/libogc.a(es.o)
                0x000000008000fdc0                ES_GetTicketViews
 .text.ES_GetStoredTMDSize
                0x000000008000fe4c       0x84 /Users/riley/opt/devkitpro/libogc/lib/wii/libogc.a(es.o)
                0x000000008000fe4c                ES_GetStoredTMDSize
 .text.ES_GetStoredTMD
                0x000000008000fed0       0x90 /Users/riley/opt/devkitpro/libogc/lib/wii/libogc.a(es.o)
                0x000000008000fed0                ES_GetStoredTMD
 .text._ES_decodepath
                0x000000008000ff60      0x340 /Users/riley/opt/devkitpro/libogc/lib/wii/libogc.a(es.o)
 .text._ES_stat_r
                0x00000000800102a0       0x5c /Users/riley/opt/devkitpro/libogc/lib/wii/libogc.a(es.o)
 .text.ES_OpenContent
                0x00000000800102fc       0x30 /Users/riley/opt/devkitpro/libogc/lib/wii/libogc.a(es.o)
                0x00000000800102fc                ES_OpenContent
 .text.ES_OpenTitleContent
                0x000000008001032c       0x70 /Users/riley/opt/devkitpro/libogc/lib/wii/libogc.a(es.o)
                0x000000008001032c                ES_OpenTitleContent
 .text._ES_open_r
                0x000000008001039c      0x148 /Users/riley/opt/devkitpro/libogc/lib/wii/libogc.a(es.o)
 .text.ES_ReadContent
                0x00000000800104e4       0x6c /Users/riley/opt/devkitpro/libogc/lib/wii/libogc.a(es.o)
                0x00000000800104e4                ES_ReadContent
 .text._ES_read_r
                0x0000000080010550      0x1a8 /Users/riley/opt/devkitpro/libogc/lib/wii/libogc.a(es.o)
 .text.ES_SeekContent
                0x00000000800106f8       0x4c /Users/riley/opt/devkitpro/libogc/lib/wii/libogc.a(es.o)
                0x00000000800106f8                ES_SeekContent
 .text._ES_seek_r
                0x0000000080010744       0xb8 /Users/riley/opt/devkitpro/libogc/lib/wii/libogc.a(es.o)
 .text.ES_CloseContent
                0x00000000800107fc       0x40 /Users/riley/opt/devkitpro/libogc/lib/wii/libogc.a(es.o)
                0x00000000800107fc                ES_CloseContent
 .text._ES_close_r
                0x000000008001083c       0x8c /Users/riley/opt/devkitpro/libogc/lib/wii/libogc.a(es.o)
 .text.__CheckARGV
                0x00000000800108c8       0x7c /Users/riley/opt/devkitpro/libogc/lib/wii/libogc.a(argv.o)
                0x00000000800108c8                __CheckARGV
 .text.CONF_Init
                0x0000000080010944      0x164 /Users/riley/opt/devkitpro/libogc/lib/wii/libogc.a(conf.o)
                0x0000000080010944                CONF_Init
 .text.__CONF_GetTxt
                0x0000000080010aa8      0x19c /Users/riley/opt/devkitpro/libogc/lib/wii/libogc.a(conf.o)
                0x0000000080010aa8                __CONF_GetTxt
 .text.__CONF_Find
                0x0000000080010c44      0x104 /Users/riley/opt/devkitpro/libogc/lib/wii/libogc.a(conf.o)
                0x0000000080010c44                __CONF_Find
 .text.CONF_GetLength
                0x0000000080010d48      0x12c /Users/riley/opt/devkitpro/libogc/lib/wii/libogc.a(conf.o)
                0x0000000080010d48                CONF_GetLength
 .text.CONF_Get
                0x0000000080010e74      0x1a0 /Users/riley/opt/devkitpro/libogc/lib/wii/libogc.a(conf.o)
                0x0000000080010e74                CONF_Get
 .text.CONF_GetShutdownMode
                0x0000000080011014       0x58 /Users/riley/opt/devkitpro/libogc/lib/wii/libogc.a(conf.o)
                0x0000000080011014                CONF_GetShutdownMode
 .text.CONF_GetIdleLedMode
                0x000000008001106c       0x58 /Users/riley/opt/devkitpro/libogc/lib/wii/libogc.a(conf.o)
                0x000000008001106c                CONF_GetIdleLedMode
 .text.CONF_GetProgressiveScan
                0x00000000800110c4       0x54 /Users/riley/opt/devkitpro/libogc/lib/wii/libogc.a(conf.o)
                0x00000000800110c4                CONF_GetProgressiveScan
 .text.CONF_GetEuRGB60
                0x0000000080011118       0x54 /Users/riley/opt/devkitpro/libogc/lib/wii/libogc.a(conf.o)
                0x0000000080011118                CONF_GetEuRGB60
 .text.CONF_GetCounterBias
                0x000000008001116c       0x4c /Users/riley/opt/devkitpro/libogc/lib/wii/libogc.a(conf.o)
                0x000000008001116c                CONF_GetCounterBias
 .text.CONF_GetDisplayOffsetH
                0x00000000800111b8       0x4c /Users/riley/opt/devkitpro/libogc/lib/wii/libogc.a(conf.o)
                0x00000000800111b8                CONF_GetDisplayOffsetH
 .text.CONF_GetVideo
                0x0000000080011204       0x90 /Users/riley/opt/devkitpro/libogc/lib/wii/libogc.a(conf.o)
                0x0000000080011204                CONF_GetVideo
 .text.__WII_WriteNANDBootInfo
                0x0000000080011294       0xb0 /Users/riley/opt/devkitpro/libogc/lib/wii/libogc.a(wiilaunch.o)
 .text.__WII_WriteStateFlags
                0x0000000080011344       0xb0 /Users/riley/opt/devkitpro/libogc/lib/wii/libogc.a(wiilaunch.o)
 .text.WII_Initialize
                0x00000000800113f4      0x184 /Users/riley/opt/devkitpro/libogc/lib/wii/libogc.a(wiilaunch.o)
                0x00000000800113f4                WII_Initialize
 .text.WII_LaunchTitle
                0x0000000080011578      0x190 /Users/riley/opt/devkitpro/libogc/lib/wii/libogc.a(wiilaunch.o)
                0x0000000080011578                WII_LaunchTitle
 .text.WII_ReturnToMenu
                0x0000000080011708       0x58 /Users/riley/opt/devkitpro/libogc/lib/wii/libogc.a(wiilaunch.o)
                0x0000000080011708                WII_ReturnToMenu
 .text.__lwp_priority_init
                0x0000000080011760       0x28 /Users/riley/opt/devkitpro/libogc/lib/wii/libogc.a(lwp_priority.o)
                0x0000000080011760                __lwp_priority_init
 .text.__lwp_threadqueue_enqueuefifo
                0x0000000080011788      0x160 /Users/riley/opt/devkitpro/libogc/lib/wii/libogc.a(lwp_threadq.o)
                0x0000000080011788                __lwp_threadqueue_enqueuefifo
 .text.__lwp_threadqueue_dequeuefifo
                0x00000000800118e8      0x12c /Users/riley/opt/devkitpro/libogc/lib/wii/libogc.a(lwp_threadq.o)
                0x00000000800118e8                __lwp_threadqueue_dequeuefifo
 .text.__lwp_threadqueue_enqueuepriority
                0x0000000080011a14      0x3e8 /Users/riley/opt/devkitpro/libogc/lib/wii/libogc.a(lwp_threadq.o)
                0x0000000080011a14                __lwp_threadqueue_enqueuepriority
 .text.__lwp_threadqueue_dequeuepriority
                0x0000000080011dfc      0x1c4 /Users/riley/opt/devkitpro/libogc/lib/wii/libogc.a(lwp_threadq.o)
                0x0000000080011dfc                __lwp_threadqueue_dequeuepriority
 .text.__lwp_threadqueue_init
                0x0000000080011fc0       0x68 /Users/riley/opt/devkitpro/libogc/lib/wii/libogc.a(lwp_threadq.o)
                0x0000000080011fc0                __lwp_threadqueue_init
 .text.__lwp_threadqueue_enqueue
                0x0000000080012028      0x138 /Users/riley/opt/devkitpro/libogc/lib/wii/libogc.a(lwp_threadq.o)
                0x0000000080012028                __lwp_threadqueue_enqueue
 .text.__lwp_threadqueue_dequeue
                0x0000000080012160       0x24 /Users/riley/opt/devkitpro/libogc/lib/wii/libogc.a(lwp_threadq.o)
                0x0000000080012160                __lwp_threadqueue_dequeue
 .text.__lwp_threadqueue_flush
                0x0000000080012184       0x4c /Users/riley/opt/devkitpro/libogc/lib/wii/libogc.a(lwp_threadq.o)
                0x0000000080012184                __lwp_threadqueue_flush
 .text.__lwp_threadqueue_extractfifo
                0x00000000800121d0       0xd8 /Users/riley/opt/devkitpro/libogc/lib/wii/libogc.a(lwp_threadq.o)
                0x00000000800121d0                __lwp_threadqueue_extractfifo
 .text.__lwp_threadqueue_extractpriority
                0x00000000800122a8      0x140 /Users/riley/opt/devkitpro/libogc/lib/wii/libogc.a(lwp_threadq.o)
                0x00000000800122a8                __lwp_threadqueue_extractpriority
 .text.__lwp_threadqueue_extract
                0x00000000800123e8       0x20 /Users/riley/opt/devkitpro/libogc/lib/wii/libogc.a(lwp_threadq.o)
                0x00000000800123e8                __lwp_threadqueue_extract
 .text.__lwp_threadqueue_timeout
                0x0000000080012408       0x84 /Users/riley/opt/devkitpro/libogc/lib/wii/libogc.a(lwp_threadq.o)
 .text.__lwp_threadqueue_extractproxy
                0x000000008001248c       0x44 /Users/riley/opt/devkitpro/libogc/lib/wii/libogc.a(lwp_threadq.o)
                0x000000008001248c                __lwp_threadqueue_extractproxy
 .text.__lwp_isr_in_progress
                0x00000000800124d0        0x8 /Users/riley/opt/devkitpro/libogc/lib/wii/libogc.a(lwp_threads.o)
                0x00000000800124d0                __lwp_isr_in_progress
 .text.__thread_dispatch_fp
                0x00000000800124d8       0x90 /Users/riley/opt/devkitpro/libogc/lib/wii/libogc.a(lwp_threads.o)
                0x00000000800124d8                __thread_dispatch_fp
 .text.__thread_dispatch
                0x0000000080012568      0x11c /Users/riley/opt/devkitpro/libogc/lib/wii/libogc.a(lwp_threads.o)
                0x0000000080012568                __thread_dispatch
 .text.__lwp_thread_resettimeslice
                0x0000000080012684       0xf0 /Users/riley/opt/devkitpro/libogc/lib/wii/libogc.a(lwp_threads.o)
                0x0000000080012684                __lwp_thread_resettimeslice
 .text.__lwp_thread_tickle_timeslice
                0x0000000080012774       0xcc /Users/riley/opt/devkitpro/libogc/lib/wii/libogc.a(lwp_threads.o)
                0x0000000080012774                __lwp_thread_tickle_timeslice
 .text.__lwp_thread_setstate
                0x0000000080012840      0x158 /Users/riley/opt/devkitpro/libogc/lib/wii/libogc.a(lwp_threads.o)
                0x0000000080012840                __lwp_thread_setstate
 .text.__lwp_thread_clearstate
                0x0000000080012998       0xf0 /Users/riley/opt/devkitpro/libogc/lib/wii/libogc.a(lwp_threads.o)
                0x0000000080012998                __lwp_thread_clearstate
 .text.__lwp_thread_delayended
                0x0000000080012a88       0x48 /Users/riley/opt/devkitpro/libogc/lib/wii/libogc.a(lwp_threads.o)
                0x0000000080012a88                __lwp_thread_delayended
 .text.__lwp_thread_settransient
                0x0000000080012ad0       0xbc /Users/riley/opt/devkitpro/libogc/lib/wii/libogc.a(lwp_threads.o)
                0x0000000080012ad0                __lwp_thread_settransient
 .text.__lwp_thread_changepriority
                0x0000000080012b8c      0x1fc /Users/riley/opt/devkitpro/libogc/lib/wii/libogc.a(lwp_threads.o)
                0x0000000080012b8c                __lwp_thread_changepriority
 .text.__lwp_thread_ready
                0x0000000080012d88       0xf8 /Users/riley/opt/devkitpro/libogc/lib/wii/libogc.a(lwp_threads.o)
                0x0000000080012d88                __lwp_thread_ready
 .text.__lwp_thread_init
                0x0000000080012e80      0x16c /Users/riley/opt/devkitpro/libogc/lib/wii/libogc.a(lwp_threads.o)
                0x0000000080012e80                __lwp_thread_init
 .text.__lwp_thread_close
                0x0000000080012fec      0x138 /Users/riley/opt/devkitpro/libogc/lib/wii/libogc.a(lwp_threads.o)
                0x0000000080012fec                __lwp_thread_close
 .text.__lwp_thread_closeall
                0x0000000080013124       0xc0 /Users/riley/opt/devkitpro/libogc/lib/wii/libogc.a(lwp_threads.o)
                0x0000000080013124                __lwp_thread_closeall
 .text.__lwp_thread_exit
                0x00000000800131e4       0x5c /Users/riley/opt/devkitpro/libogc/lib/wii/libogc.a(lwp_threads.o)
                0x00000000800131e4                __lwp_thread_exit
 .text.__lwp_thread_handler
                0x0000000080013240       0x74 /Users/riley/opt/devkitpro/libogc/lib/wii/libogc.a(lwp_threads.o)
 .text.__lwp_thread_start
                0x00000000800132b4       0xcc /Users/riley/opt/devkitpro/libogc/lib/wii/libogc.a(lwp_threads.o)
                0x00000000800132b4                __lwp_thread_start
 .text.__lwp_thread_startmultitasking
                0x0000000080013380       0xb0 /Users/riley/opt/devkitpro/libogc/lib/wii/libogc.a(lwp_threads.o)
                0x0000000080013380                __lwp_thread_startmultitasking
 .text.__lwp_thread_stopmultitasking
                0x0000000080013430       0x58 /Users/riley/opt/devkitpro/libogc/lib/wii/libogc.a(lwp_threads.o)
                0x0000000080013430                __lwp_thread_stopmultitasking
 .text.__lwp_thread_coreinit
                0x0000000080013488       0xb0 /Users/riley/opt/devkitpro/libogc/lib/wii/libogc.a(lwp_threads.o)
                0x0000000080013488                __lwp_thread_coreinit
 .text.idle_func
                0x0000000080013538        0x4 /Users/riley/opt/devkitpro/libogc/lib/wii/libogc.a(lwp.o)
 .text.__lwp_sysinit
                0x000000008001353c      0x118 /Users/riley/opt/devkitpro/libogc/lib/wii/libogc.a(lwp.o)
                0x000000008001353c                __lwp_sysinit
 .text.LWP_CreateThread
                0x0000000080013654      0x1a4 /Users/riley/opt/devkitpro/libogc/lib/wii/libogc.a(lwp.o)
                0x0000000080013654                LWP_CreateThread
 .text.LWP_InitQueue
                0x00000000800137f8      0x14c /Users/riley/opt/devkitpro/libogc/lib/wii/libogc.a(lwp.o)
                0x00000000800137f8                LWP_InitQueue
 .text.LWP_CloseQueue
                0x0000000080013944       0xd8 /Users/riley/opt/devkitpro/libogc/lib/wii/libogc.a(lwp.o)
                0x0000000080013944                LWP_CloseQueue
 .text.LWP_ThreadSleep
                0x0000000080013a1c       0xfc /Users/riley/opt/devkitpro/libogc/lib/wii/libogc.a(lwp.o)
                0x0000000080013a1c                LWP_ThreadSleep
 .text.LWP_ThreadBroadcast
                0x0000000080013b18       0x8c /Users/riley/opt/devkitpro/libogc/lib/wii/libogc.a(lwp.o)
                0x0000000080013b18                LWP_ThreadBroadcast
 .text.LWP_ThreadSignal
                0x0000000080013ba4       0x74 /Users/riley/opt/devkitpro/libogc/lib/wii/libogc.a(lwp.o)
                0x0000000080013ba4                LWP_ThreadSignal
 .text.__lwp_stack_allocate
                0x0000000080013c18       0x84 /Users/riley/opt/devkitpro/libogc/lib/wii/libogc.a(lwp_stack.o)
                0x0000000080013c18                __lwp_stack_allocate
 .text.__lwp_stack_free
                0x0000000080013c9c       0x1c /Users/riley/opt/devkitpro/libogc/lib/wii/libogc.a(lwp_stack.o)
                0x0000000080013c9c                __lwp_stack_free
 .text.__lwp_mutex_initialize
                0x0000000080013cb8       0xa4 /Users/riley/opt/devkitpro/libogc/lib/wii/libogc.a(lwp_mutex.o)
                0x0000000080013cb8                __lwp_mutex_initialize
 .text.__lwp_mutex_surrender
                0x0000000080013d5c      0x150 /Users/riley/opt/devkitpro/libogc/lib/wii/libogc.a(lwp_mutex.o)
                0x0000000080013d5c                __lwp_mutex_surrender
 .text.__lwp_mutex_seize_irq_blocking
                0x0000000080013eac      0x104 /Users/riley/opt/devkitpro/libogc/lib/wii/libogc.a(lwp_mutex.o)
                0x0000000080013eac                __lwp_mutex_seize_irq_blocking
 .text.__lwp_mutex_flush
                0x0000000080013fb0        0x4 /Users/riley/opt/devkitpro/libogc/lib/wii/libogc.a(lwp_mutex.o)
                0x0000000080013fb0                __lwp_mutex_flush
 .text.__lwp_wd_settimer.isra.3
                0x0000000080013fb4       0xd0 /Users/riley/opt/devkitpro/libogc/lib/wii/libogc.a(lwp_watchdog.o)
 .text.__lwp_watchdog_init
                0x0000000080014084       0x2c /Users/riley/opt/devkitpro/libogc/lib/wii/libogc.a(lwp_watchdog.o)
                0x0000000080014084                __lwp_watchdog_init
 .text.__lwp_wd_insert
                0x00000000800140b0      0x1e8 /Users/riley/opt/devkitpro/libogc/lib/wii/libogc.a(lwp_watchdog.o)
                0x00000000800140b0                __lwp_wd_insert
 .text.__lwp_wd_remove
                0x0000000080014298      0x100 /Users/riley/opt/devkitpro/libogc/lib/wii/libogc.a(lwp_watchdog.o)
                0x0000000080014298                __lwp_wd_remove
 .text.__lwp_wd_tickle
                0x0000000080014398      0x11c /Users/riley/opt/devkitpro/libogc/lib/wii/libogc.a(lwp_watchdog.o)
                0x0000000080014398                __lwp_wd_tickle
 .text.__lwp_wkspace_init
                0x00000000800144b4       0xc8 /Users/riley/opt/devkitpro/libogc/lib/wii/libogc.a(lwp_wkspace.o)
                0x00000000800144b4                __lwp_wkspace_init
 .text.__lwp_objmgr_initinfo
                0x000000008001457c      0x1a4 /Users/riley/opt/devkitpro/libogc/lib/wii/libogc.a(lwp_objmgr.o)
                0x000000008001457c                __lwp_objmgr_initinfo
 .text.__lwp_objmgr_getisrdisable
                0x0000000080014720       0x68 /Users/riley/opt/devkitpro/libogc/lib/wii/libogc.a(lwp_objmgr.o)
                0x0000000080014720                __lwp_objmgr_getisrdisable
 .text.__lwp_objmgr_getnoprotection
                0x0000000080014788       0x24 /Users/riley/opt/devkitpro/libogc/lib/wii/libogc.a(lwp_objmgr.o)
                0x0000000080014788                __lwp_objmgr_getnoprotection
 .text.__lwp_objmgr_get
                0x00000000800147ac       0x70 /Users/riley/opt/devkitpro/libogc/lib/wii/libogc.a(lwp_objmgr.o)
                0x00000000800147ac                __lwp_objmgr_get
 .text.__lwp_objmgr_allocate
                0x000000008001481c       0x78 /Users/riley/opt/devkitpro/libogc/lib/wii/libogc.a(lwp_objmgr.o)
                0x000000008001481c                __lwp_objmgr_allocate
 .text.__lwp_objmgr_free
                0x0000000080014894       0x60 /Users/riley/opt/devkitpro/libogc/lib/wii/libogc.a(lwp_objmgr.o)
                0x0000000080014894                __lwp_objmgr_free
 .text.__lwp_heap_init
                0x00000000800148f4       0xa8 /Users/riley/opt/devkitpro/libogc/lib/wii/libogc.a(lwp_heap.o)
                0x00000000800148f4                __lwp_heap_init
 .text.__lwp_heap_allocate
                0x000000008001499c      0x180 /Users/riley/opt/devkitpro/libogc/lib/wii/libogc.a(lwp_heap.o)
                0x000000008001499c                __lwp_heap_allocate
 .text.__lwp_heap_free
                0x0000000080014b1c      0x1a0 /Users/riley/opt/devkitpro/libogc/lib/wii/libogc.a(lwp_heap.o)
                0x0000000080014b1c                __lwp_heap_free
 .text.__exception_load
                0x0000000080014cbc       0xa4 /Users/riley/opt/devkitpro/libogc/lib/wii/libogc.a(exception.o)
                0x0000000080014cbc                __exception_load
 .text.__systemcall_init
                0x0000000080014d60       0x20 /Users/riley/opt/devkitpro/libogc/lib/wii/libogc.a(exception.o)
                0x0000000080014d60                __systemcall_init
 .text.__exception_init
                0x0000000080014d80       0xd8 /Users/riley/opt/devkitpro/libogc/lib/wii/libogc.a(exception.o)
                0x0000000080014d80                __exception_init
 .text.__exception_close
                0x0000000080014e58       0xb0 /Users/riley/opt/devkitpro/libogc/lib/wii/libogc.a(exception.o)
                0x0000000080014e58                __exception_close
 .text.__exception_closeall
                0x0000000080014f08       0x54 /Users/riley/opt/devkitpro/libogc/lib/wii/libogc.a(exception.o)
                0x0000000080014f08                __exception_closeall
 .text.c_default_exceptionhandler
                0x0000000080014f5c      0x444 /Users/riley/opt/devkitpro/libogc/lib/wii/libogc.a(exception.o)
                0x0000000080014f5c                c_default_exceptionhandler
 .text.__SetInterrupts
                0x00000000800153a0      0x2a0 /Users/riley/opt/devkitpro/libogc/lib/wii/libogc.a(irq.o)
 .text.c_irqdispatcher
                0x0000000080015640      0x284 /Users/riley/opt/devkitpro/libogc/lib/wii/libogc.a(irq.o)
                0x0000000080015640                c_irqdispatcher
 .text.__UnmaskIrq
                0x00000000800158c4       0x8c /Users/riley/opt/devkitpro/libogc/lib/wii/libogc.a(irq.o)
                0x00000000800158c4                __UnmaskIrq
 .text.__MaskIrq